src/app/(protected)/assets/actions.ts(363,13): error TS2322: Type 'Record<string, unknown>' is not assignable to type 'NullableJsonNullValueInput | InputJsonValue | undefined'.
  Type 'Record<string, unknown>' is missing the following properties from type 'readonly (InputJsonValue | null)[]': length, concat, join, slice, and 26 more.
src/app/(protected)/assets/actions.ts(404,13): error TS2322: Type '{ name: string; code: string; } | null' is not assignable to type 'NullableJsonNullValueInput | InputJsonValue | undefined'.
  Type 'null' is not assignable to type 'NullableJsonNullValueInput | InputJsonValue | undefined'.
src/app/(protected)/attendance/actions.ts(2657,13): error TS2353: Object literal may only specify known properties, and 'jobTitle' does not exist in type 'UserSelect<DefaultArgs>'.
src/app/(protected)/attendance/actions.ts(2671,49): error TS2339: Property 'jobTitle' does not exist on type '{ id: string; name: string; email: string; emailVerified: boolean; image: string | null; createdAt: Date; updatedAt: Date; employeeCode: string | null; departmentId: string | null; ... 34 more ...; notificationPreferenceId: string | null; }'.
src/app/(protected)/attendance/actions.ts(2731,17): error TS2353: Object literal may only specify known properties, and 'jobTitle' does not exist in type 'UserSelect<DefaultArgs>'.
src/app/(protected)/attendance/actions.ts(2746,49): error TS2339: Property 'jobTitle' does not exist on type '{ id: string; name: string; email: string; emailVerified: boolean; image: string | null; createdAt: Date; updatedAt: Date; employeeCode: string | null; departmentId: string | null; ... 34 more ...; notificationPreferenceId: string | null; }'.
src/app/(protected)/departments/actions.ts(151,33): error TS2345: Argument of type '{ parent: { id: string; name: string; code: string; } | null; users: { id: string; name: string; image: string | null; departmentRole: string | null; position: { description: string | null; ... 12 more ...; maxSalary: Decimal | null; } | null; }[]; _count: { ...; }; } & { ...; }' is not assignable to parameter of type '{ users: { id: string; name: string; image: string | null; position: { name: string; } | null; departmentRole: string; }[]; }'.
  Types of property 'users' are incompatible.
    Type '{ id: string; name: string; image: string | null; departmentRole: string | null; position: { description: string | null; id: string; name: string; createdAt: Date; updatedAt: Date; ... 8 more ...; maxSalary: Decimal | null; } | null; }[]' is not assignable to type '{ id: string; name: string; image: string | null; position: { name: string; } | null; departmentRole: string; }[]'.
      Type '{ id: string; name: string; image: string | null; departmentRole: string | null; position: { description: string | null; id: string; name: string; createdAt: Date; updatedAt: Date; ... 8 more ...; maxSalary: Decimal | null; } | null; }' is not assignable to type '{ id: string; name: string; image: string | null; position: { name: string; } | null; departmentRole: string; }'.
        Types of property 'departmentRole' are incompatible.
          Type 'string | null' is not assignable to type 'string'.
            Type 'null' is not assignable to type 'string'.
src/app/(protected)/departments/actions.ts(274,33): error TS2345: Argument of type '{ parent: { id: string; name: string; code: string; } | null; users: { id: string; name: string; image: string | null; departmentRole: string | null; position: { description: string | null; ... 12 more ...; maxSalary: Decimal | null; } | null; }[]; _count: { ...; }; } & { ...; }' is not assignable to parameter of type '{ users: { id: string; name: string; image: string | null; position: { name: string; } | null; departmentRole: string; }[]; }'.
  Types of property 'users' are incompatible.
    Type '{ id: string; name: string; image: string | null; departmentRole: string | null; position: { description: string | null; id: string; name: string; createdAt: Date; updatedAt: Date; ... 8 more ...; maxSalary: Decimal | null; } | null; }[]' is not assignable to type '{ id: string; name: string; image: string | null; position: { name: string; } | null; departmentRole: string; }[]'.
      Type '{ id: string; name: string; image: string | null; departmentRole: string | null; position: { description: string | null; id: string; name: string; createdAt: Date; updatedAt: Date; ... 8 more ...; maxSalary: Decimal | null; } | null; }' is not assignable to type '{ id: string; name: string; image: string | null; position: { name: string; } | null; departmentRole: string; }'.
        Types of property 'departmentRole' are incompatible.
          Type 'string | null' is not assignable to type 'string'.
            Type 'null' is not assignable to type 'string'.
src/app/(protected)/employees/[id]/page.tsx(179,33): error TS2322: Type '{ directReports: { id: string; name: string; image: string | null; employeeCode: string | null; position: { id: string; name: string; } | null; }[]; userId: string; status: string | null; position: { ...; } | null; ... 45 more ...; notificationPreferenceId: string | null; }' is not assignable to type 'Employee'.
  Types of property 'employeeCode' are incompatible.
    Type 'string | null' is not assignable to type 'string'.
      Type 'null' is not assignable to type 'string'.
src/app/(protected)/employees/[id]/page.tsx(183,30): error TS2322: Type '{ directReports: { id: string; name: string; image: string | null; employeeCode: string | null; position: { id: string; name: string; } | null; }[]; userId: string; status: string | null; position: { ...; } | null; ... 45 more ...; notificationPreferenceId: string | null; }' is not assignable to type 'Employee'.
  Types of property 'employeeCode' are incompatible.
    Type 'string | null' is not assignable to type 'string'.
      Type 'null' is not assignable to type 'string'.
src/app/(protected)/ess/profile/profile-client.tsx(12,10): error TS2305: Module '"@prisma/client"' has no exported member 'User'.
src/app/(protected)/payroll/actions.ts(523,86): error TS2353: Object literal may only specify known properties, and 'orderBy' does not exist in type 'User$salariesArgs<DefaultArgs>'.
src/app/(protected)/payroll/actions.ts(574,33): error TS2339: Property 'salaries' does not exist on type '{ id: string; name: string; email: string; emailVerified: boolean; image: string | null; createdAt: Date; updatedAt: Date; employeeCode: string | null; departmentId: string | null; ... 34 more ...; notificationPreferenceId: string | null; }'.
src/app/(protected)/payroll/actions.ts(602,33): error TS2339: Property 'employeeSalaryComponents' does not exist on type '{ id: string; name: string; email: string; emailVerified: boolean; image: string | null; createdAt: Date; updatedAt: Date; employeeCode: string | null; departmentId: string | null; ... 34 more ...; notificationPreferenceId: string | null; }'.
src/app/(protected)/payroll/actions.ts(702,13): error TS2561: Object literal may only specify known properties, but 'department' does not exist in type 'PayrollRecordInclude<DefaultArgs>'. Did you mean to write 'departments'?
src/app/(protected)/payroll/actions.ts(722,13): error TS2561: Object literal may only specify known properties, but 'department' does not exist in type 'PayrollRecordInclude<DefaultArgs>'. Did you mean to write 'departments'?
src/app/(protected)/payroll/actions.ts(751,25): error TS2339: Property 'details' does not exist on type '{ id: string; createdAt: Date; updatedAt: Date; departmentId: string | null; status: string; note: string | null; approvedBy: string | null; approvedAt: Date | null; ... 9 more ...; processedAt: Date | null; }'.
src/app/(protected)/payroll/actions.ts(751,37): error TS7006: Parameter 'd' implicitly has an 'any' type.
src/app/(protected)/payroll/actions.ts(959,28): error TS2551: Property 'position' does not exist on type '{ department: { description: string | null; id: string; name: string; createdAt: Date; updatedAt: Date; managerId: string | null; logo: string | null; code: string; parentId: string | null; secondaryParentIds: string[]; status: string; sortOrder: number; } | null; } & { ...; }'. Did you mean 'positionId'?
src/app/(protected)/payroll/formulas/formulas-client.tsx(128,9): error TS2322: Type 'Resolver<{ code: string; name: string; category: "OVERTIME" | "BASIC" | "ALLOWANCE" | "BONUS" | "DISCIPLINE" | "DEDUCTION" | "INSURANCE" | "TAX"; description?: string | undefined; isTaxable?: boolean | undefined; ... 5 more ...; sortOrder?: number | undefined; }, any, { ...; }>' is not assignable to type 'Resolver<{ code: string; name: string; category: "OVERTIME" | "BASIC" | "ALLOWANCE" | "BONUS" | "DISCIPLINE" | "DEDUCTION" | "INSURANCE" | "TAX"; isTaxable: boolean; isInsurance: boolean; isBase: boolean; ... 4 more ...; maxAmount?: number | undefined; }, any, { ...; }>'.
  Types of parameters 'options' and 'options' are incompatible.
    Type 'ResolverOptions<{ code: string; name: string; category: "OVERTIME" | "BASIC" | "ALLOWANCE" | "BONUS" | "DISCIPLINE" | "DEDUCTION" | "INSURANCE" | "TAX"; isTaxable: boolean; isInsurance: boolean; isBase: boolean; ... 4 more ...; maxAmount?: number | undefined; }>' is not assignable to type 'ResolverOptions<{ code: string; name: string; category: "OVERTIME" | "BASIC" | "ALLOWANCE" | "BONUS" | "DISCIPLINE" | "DEDUCTION" | "INSURANCE" | "TAX"; description?: string | undefined; isTaxable?: boolean | undefined; ... 5 more ...; sortOrder?: number | undefined; }>'.
      Type 'boolean | undefined' is not assignable to type 'boolean'.
        Type 'undefined' is not assignable to type 'boolean'.
src/app/(protected)/payroll/formulas/formulas-client.tsx(129,9): error TS2322: Type '{ code: string; name: string; description: string; category: SalaryComponentTypeForm["category"]; isTaxable: boolean; isInsurance: boolean; isBase: boolean; coefficient: Decimal | undefined; maxAmount: Decimal | undefined; isActive: boolean; sortOrder: number; }' is not assignable to type 'AsyncDefaultValues<{ code: string; name: string; category: "OVERTIME" | "BASIC" | "ALLOWANCE" | "BONUS" | "DISCIPLINE" | "DEDUCTION" | "INSURANCE" | "TAX"; isTaxable: boolean; isInsurance: boolean; ... 5 more ...; maxAmount?: number | undefined; }> | { ...; } | undefined'.
  Types of property 'coefficient' are incompatible.
    Type 'Decimal | undefined' is not assignable to type 'number | undefined'.
      Type 'Decimal' is not assignable to type 'number'.
src/app/(protected)/payroll/formulas/formulas-client.tsx(189,55): error TS2345: Argument of type '(data: SalaryComponentTypeForm) => Promise<void>' is not assignable to parameter of type 'SubmitHandler<TFieldValues>'.
  Types of parameters 'data' and 'data' are incompatible.
    Type 'TFieldValues' is not assignable to type '{ code: string; name: string; category: "OVERTIME" | "BASIC" | "ALLOWANCE" | "BONUS" | "DISCIPLINE" | "DEDUCTION" | "INSURANCE" | "TAX"; isTaxable: boolean; isInsurance: boolean; isBase: boolean; ... 4 more ...; maxAmount?: number | undefined; }'.
      Type 'FieldValues' is missing the following properties from type '{ code: string; name: string; category: "OVERTIME" | "BASIC" | "ALLOWANCE" | "BONUS" | "DISCIPLINE" | "DEDUCTION" | "INSURANCE" | "TAX"; isTaxable: boolean; isInsurance: boolean; isBase: boolean; ... 4 more ...; maxAmount?: number | undefined; }': code, name, category, isTaxable, and 4 more.
src/app/(protected)/payroll/formulas/formulas-client.tsx(192,33): error TS2322: Type 'Control<{ code: string; name: string; category: "OVERTIME" | "BASIC" | "ALLOWANCE" | "BONUS" | "DISCIPLINE" | "DEDUCTION" | "INSURANCE" | "TAX"; isTaxable: boolean; isInsurance: boolean; isBase: boolean; ... 4 more ...; maxAmount?: number | undefined; }, any, TFieldValues>' is not assignable to type 'Control<{ code: string; name: string; category: "OVERTIME" | "BASIC" | "ALLOWANCE" | "BONUS" | "DISCIPLINE" | "DEDUCTION" | "INSURANCE" | "TAX"; isTaxable: boolean; isInsurance: boolean; isBase: boolean; ... 4 more ...; maxAmount?: number | undefined; }, any, { ...; }>'.
  The types of '_options.resolver' are incompatible between these types.
    Type 'Resolver<{ code: string; name: string; category: "OVERTIME" | "BASIC" | "ALLOWANCE" | "BONUS" | "DISCIPLINE" | "DEDUCTION" | "INSURANCE" | "TAX"; isTaxable: boolean; isInsurance: boolean; ... 5 more ...; maxAmount?: number | undefined; }, any, TFieldValues> | undefined' is not assignable to type 'Resolver<{ code: string; name: string; category: "OVERTIME" | "BASIC" | "ALLOWANCE" | "BONUS" | "DISCIPLINE" | "DEDUCTION" | "INSURANCE" | "TAX"; isTaxable: boolean; isInsurance: boolean; ... 5 more ...; maxAmount?: number | undefined; }, any, { ...; }> | undefined'.
      Type 'Resolver<{ code: string; name: string; category: "OVERTIME" | "BASIC" | "ALLOWANCE" | "BONUS" | "DISCIPLINE" | "DEDUCTION" | "INSURANCE" | "TAX"; isTaxable: boolean; isInsurance: boolean; isBase: boolean; ... 4 more ...; maxAmount?: number | undefined; }, any, TFieldValues>' is not assignable to type 'Resolver<{ code: string; name: string; category: "OVERTIME" | "BASIC" | "ALLOWANCE" | "BONUS" | "DISCIPLINE" | "DEDUCTION" | "INSURANCE" | "TAX"; isTaxable: boolean; isInsurance: boolean; isBase: boolean; ... 4 more ...; maxAmount?: number | undefined; }, any, { ...; }>'.
        Type 'ResolverResult<{ code: string; name: string; category: "OVERTIME" | "BASIC" | "ALLOWANCE" | "BONUS" | "DISCIPLINE" | "DEDUCTION" | "INSURANCE" | "TAX"; isTaxable: boolean; isInsurance: boolean; ... 5 more ...; maxAmount?: number | undefined; }, TFieldValues> | Promise<...>' is not assignable to type 'ResolverResult<{ code: string; name: string; category: "OVERTIME" | "BASIC" | "ALLOWANCE" | "BONUS" | "DISCIPLINE" | "DEDUCTION" | "INSURANCE" | "TAX"; isTaxable: boolean; isInsurance: boolean; ... 5 more ...; maxAmount?: number | undefined; }, { ...; }> | Promise<...>'.
          Type 'ResolverSuccess<TFieldValues>' is not assignable to type 'ResolverResult<{ code: string; name: string; category: "OVERTIME" | "BASIC" | "ALLOWANCE" | "BONUS" | "DISCIPLINE" | "DEDUCTION" | "INSURANCE" | "TAX"; isTaxable: boolean; isInsurance: boolean; ... 5 more ...; maxAmount?: number | undefined; }, { ...; }> | Promise<...>'.
            Type 'ResolverSuccess<TFieldValues>' is not assignable to type 'ResolverSuccess<{ code: string; name: string; category: "OVERTIME" | "BASIC" | "ALLOWANCE" | "BONUS" | "DISCIPLINE" | "DEDUCTION" | "INSURANCE" | "TAX"; isTaxable: boolean; isInsurance: boolean; isBase: boolean; ... 4 more ...; maxAmount?: number | undefined; }>'.
              Type 'TFieldValues' is not assignable to type '{ code: string; name: string; category: "OVERTIME" | "BASIC" | "ALLOWANCE" | "BONUS" | "DISCIPLINE" | "DEDUCTION" | "INSURANCE" | "TAX"; isTaxable: boolean; isInsurance: boolean; isBase: boolean; ... 4 more ...; maxAmount?: number | undefined; }'.
                Type 'FieldValues' is missing the following properties from type '{ code: string; name: string; category: "OVERTIME" | "BASIC" | "ALLOWANCE" | "BONUS" | "DISCIPLINE" | "DEDUCTION" | "INSURANCE" | "TAX"; isTaxable: boolean; isInsurance: boolean; isBase: boolean; ... 4 more ...; maxAmount?: number | undefined; }': code, name, category, isTaxable, and 4 more.
src/app/(protected)/payroll/formulas/formulas-client.tsx(205,33): error TS2322: Type 'Control<{ code: string; name: string; category: "OVERTIME" | "BASIC" | "ALLOWANCE" | "BONUS" | "DISCIPLINE" | "DEDUCTION" | "INSURANCE" | "TAX"; isTaxable: boolean; isInsurance: boolean; isBase: boolean; ... 4 more ...; maxAmount?: number | undefined; }, any, TFieldValues>' is not assignable to type 'Control<{ code: string; name: string; category: "OVERTIME" | "BASIC" | "ALLOWANCE" | "BONUS" | "DISCIPLINE" | "DEDUCTION" | "INSURANCE" | "TAX"; isTaxable: boolean; isInsurance: boolean; isBase: boolean; ... 4 more ...; maxAmount?: number | undefined; }, any, { ...; }>'.
  The types of '_options.resolver' are incompatible between these types.
    Type 'Resolver<{ code: string; name: string; category: "OVERTIME" | "BASIC" | "ALLOWANCE" | "BONUS" | "DISCIPLINE" | "DEDUCTION" | "INSURANCE" | "TAX"; isTaxable: boolean; isInsurance: boolean; ... 5 more ...; maxAmount?: number | undefined; }, any, TFieldValues> | undefined' is not assignable to type 'Resolver<{ code: string; name: string; category: "OVERTIME" | "BASIC" | "ALLOWANCE" | "BONUS" | "DISCIPLINE" | "DEDUCTION" | "INSURANCE" | "TAX"; isTaxable: boolean; isInsurance: boolean; ... 5 more ...; maxAmount?: number | undefined; }, any, { ...; }> | undefined'.
      Type 'Resolver<{ code: string; name: string; category: "OVERTIME" | "BASIC" | "ALLOWANCE" | "BONUS" | "DISCIPLINE" | "DEDUCTION" | "INSURANCE" | "TAX"; isTaxable: boolean; isInsurance: boolean; isBase: boolean; ... 4 more ...; maxAmount?: number | undefined; }, any, TFieldValues>' is not assignable to type 'Resolver<{ code: string; name: string; category: "OVERTIME" | "BASIC" | "ALLOWANCE" | "BONUS" | "DISCIPLINE" | "DEDUCTION" | "INSURANCE" | "TAX"; isTaxable: boolean; isInsurance: boolean; isBase: boolean; ... 4 more ...; maxAmount?: number | undefined; }, any, { ...; }>'.
        Type 'ResolverResult<{ code: string; name: string; category: "OVERTIME" | "BASIC" | "ALLOWANCE" | "BONUS" | "DISCIPLINE" | "DEDUCTION" | "INSURANCE" | "TAX"; isTaxable: boolean; isInsurance: boolean; ... 5 more ...; maxAmount?: number | undefined; }, TFieldValues> | Promise<...>' is not assignable to type 'ResolverResult<{ code: string; name: string; category: "OVERTIME" | "BASIC" | "ALLOWANCE" | "BONUS" | "DISCIPLINE" | "DEDUCTION" | "INSURANCE" | "TAX"; isTaxable: boolean; isInsurance: boolean; ... 5 more ...; maxAmount?: number | undefined; }, { ...; }> | Promise<...>'.
          Type 'ResolverSuccess<TFieldValues>' is not assignable to type 'ResolverResult<{ code: string; name: string; category: "OVERTIME" | "BASIC" | "ALLOWANCE" | "BONUS" | "DISCIPLINE" | "DEDUCTION" | "INSURANCE" | "TAX"; isTaxable: boolean; isInsurance: boolean; ... 5 more ...; maxAmount?: number | undefined; }, { ...; }> | Promise<...>'.
            Type 'ResolverSuccess<TFieldValues>' is not assignable to type 'ResolverSuccess<{ code: string; name: string; category: "OVERTIME" | "BASIC" | "ALLOWANCE" | "BONUS" | "DISCIPLINE" | "DEDUCTION" | "INSURANCE" | "TAX"; isTaxable: boolean; isInsurance: boolean; isBase: boolean; ... 4 more ...; maxAmount?: number | undefined; }>'.
              Type 'TFieldValues' is not assignable to type '{ code: string; name: string; category: "OVERTIME" | "BASIC" | "ALLOWANCE" | "BONUS" | "DISCIPLINE" | "DEDUCTION" | "INSURANCE" | "TAX"; isTaxable: boolean; isInsurance: boolean; isBase: boolean; ... 4 more ...; maxAmount?: number | undefined; }'.
                Type 'FieldValues' is missing the following properties from type '{ code: string; name: string; category: "OVERTIME" | "BASIC" | "ALLOWANCE" | "BONUS" | "DISCIPLINE" | "DEDUCTION" | "INSURANCE" | "TAX"; isTaxable: boolean; isInsurance: boolean; isBase: boolean; ... 4 more ...; maxAmount?: number | undefined; }': code, name, category, isTaxable, and 4 more.
src/app/(protected)/payroll/formulas/formulas-client.tsx(224,29): error TS2322: Type 'Control<{ code: string; name: string; category: "OVERTIME" | "BASIC" | "ALLOWANCE" | "BONUS" | "DISCIPLINE" | "DEDUCTION" | "INSURANCE" | "TAX"; isTaxable: boolean; isInsurance: boolean; isBase: boolean; ... 4 more ...; maxAmount?: number | undefined; }, any, TFieldValues>' is not assignable to type 'Control<{ code: string; name: string; category: "OVERTIME" | "BASIC" | "ALLOWANCE" | "BONUS" | "DISCIPLINE" | "DEDUCTION" | "INSURANCE" | "TAX"; isTaxable: boolean; isInsurance: boolean; isBase: boolean; ... 4 more ...; maxAmount?: number | undefined; }, any, { ...; }>'.
  The types of '_options.resolver' are incompatible between these types.
    Type 'Resolver<{ code: string; name: string; category: "OVERTIME" | "BASIC" | "ALLOWANCE" | "BONUS" | "DISCIPLINE" | "DEDUCTION" | "INSURANCE" | "TAX"; isTaxable: boolean; isInsurance: boolean; ... 5 more ...; maxAmount?: number | undefined; }, any, TFieldValues> | undefined' is not assignable to type 'Resolver<{ code: string; name: string; category: "OVERTIME" | "BASIC" | "ALLOWANCE" | "BONUS" | "DISCIPLINE" | "DEDUCTION" | "INSURANCE" | "TAX"; isTaxable: boolean; isInsurance: boolean; ... 5 more ...; maxAmount?: number | undefined; }, any, { ...; }> | undefined'.
      Type 'Resolver<{ code: string; name: string; category: "OVERTIME" | "BASIC" | "ALLOWANCE" | "BONUS" | "DISCIPLINE" | "DEDUCTION" | "INSURANCE" | "TAX"; isTaxable: boolean; isInsurance: boolean; isBase: boolean; ... 4 more ...; maxAmount?: number | undefined; }, any, TFieldValues>' is not assignable to type 'Resolver<{ code: string; name: string; category: "OVERTIME" | "BASIC" | "ALLOWANCE" | "BONUS" | "DISCIPLINE" | "DEDUCTION" | "INSURANCE" | "TAX"; isTaxable: boolean; isInsurance: boolean; isBase: boolean; ... 4 more ...; maxAmount?: number | undefined; }, any, { ...; }>'.
        Type 'ResolverResult<{ code: string; name: string; category: "OVERTIME" | "BASIC" | "ALLOWANCE" | "BONUS" | "DISCIPLINE" | "DEDUCTION" | "INSURANCE" | "TAX"; isTaxable: boolean; isInsurance: boolean; ... 5 more ...; maxAmount?: number | undefined; }, TFieldValues> | Promise<...>' is not assignable to type 'ResolverResult<{ code: string; name: string; category: "OVERTIME" | "BASIC" | "ALLOWANCE" | "BONUS" | "DISCIPLINE" | "DEDUCTION" | "INSURANCE" | "TAX"; isTaxable: boolean; isInsurance: boolean; ... 5 more ...; maxAmount?: number | undefined; }, { ...; }> | Promise<...>'.
          Type 'ResolverSuccess<TFieldValues>' is not assignable to type 'ResolverResult<{ code: string; name: string; category: "OVERTIME" | "BASIC" | "ALLOWANCE" | "BONUS" | "DISCIPLINE" | "DEDUCTION" | "INSURANCE" | "TAX"; isTaxable: boolean; isInsurance: boolean; ... 5 more ...; maxAmount?: number | undefined; }, { ...; }> | Promise<...>'.
            Type 'ResolverSuccess<TFieldValues>' is not assignable to type 'ResolverSuccess<{ code: string; name: string; category: "OVERTIME" | "BASIC" | "ALLOWANCE" | "BONUS" | "DISCIPLINE" | "DEDUCTION" | "INSURANCE" | "TAX"; isTaxable: boolean; isInsurance: boolean; isBase: boolean; ... 4 more ...; maxAmount?: number | undefined; }>'.
              Type 'TFieldValues' is not assignable to type '{ code: string; name: string; category: "OVERTIME" | "BASIC" | "ALLOWANCE" | "BONUS" | "DISCIPLINE" | "DEDUCTION" | "INSURANCE" | "TAX"; isTaxable: boolean; isInsurance: boolean; isBase: boolean; ... 4 more ...; maxAmount?: number | undefined; }'.
                Type 'FieldValues' is missing the following properties from type '{ code: string; name: string; category: "OVERTIME" | "BASIC" | "ALLOWANCE" | "BONUS" | "DISCIPLINE" | "DEDUCTION" | "INSURANCE" | "TAX"; isTaxable: boolean; isInsurance: boolean; isBase: boolean; ... 4 more ...; maxAmount?: number | undefined; }': code, name, category, isTaxable, and 4 more.
src/app/(protected)/payroll/formulas/formulas-client.tsx(238,29): error TS2322: Type 'Control<{ code: string; name: string; category: "OVERTIME" | "BASIC" | "ALLOWANCE" | "BONUS" | "DISCIPLINE" | "DEDUCTION" | "INSURANCE" | "TAX"; isTaxable: boolean; isInsurance: boolean; isBase: boolean; ... 4 more ...; maxAmount?: number | undefined; }, any, TFieldValues>' is not assignable to type 'Control<{ code: string; name: string; category: "OVERTIME" | "BASIC" | "ALLOWANCE" | "BONUS" | "DISCIPLINE" | "DEDUCTION" | "INSURANCE" | "TAX"; isTaxable: boolean; isInsurance: boolean; isBase: boolean; ... 4 more ...; maxAmount?: number | undefined; }, any, { ...; }>'.
  The types of '_options.resolver' are incompatible between these types.
    Type 'Resolver<{ code: string; name: string; category: "OVERTIME" | "BASIC" | "ALLOWANCE" | "BONUS" | "DISCIPLINE" | "DEDUCTION" | "INSURANCE" | "TAX"; isTaxable: boolean; isInsurance: boolean; ... 5 more ...; maxAmount?: number | undefined; }, any, TFieldValues> | undefined' is not assignable to type 'Resolver<{ code: string; name: string; category: "OVERTIME" | "BASIC" | "ALLOWANCE" | "BONUS" | "DISCIPLINE" | "DEDUCTION" | "INSURANCE" | "TAX"; isTaxable: boolean; isInsurance: boolean; ... 5 more ...; maxAmount?: number | undefined; }, any, { ...; }> | undefined'.
      Type 'Resolver<{ code: string; name: string; category: "OVERTIME" | "BASIC" | "ALLOWANCE" | "BONUS" | "DISCIPLINE" | "DEDUCTION" | "INSURANCE" | "TAX"; isTaxable: boolean; isInsurance: boolean; isBase: boolean; ... 4 more ...; maxAmount?: number | undefined; }, any, TFieldValues>' is not assignable to type 'Resolver<{ code: string; name: string; category: "OVERTIME" | "BASIC" | "ALLOWANCE" | "BONUS" | "DISCIPLINE" | "DEDUCTION" | "INSURANCE" | "TAX"; isTaxable: boolean; isInsurance: boolean; isBase: boolean; ... 4 more ...; maxAmount?: number | undefined; }, any, { ...; }>'.
        Type 'ResolverResult<{ code: string; name: string; category: "OVERTIME" | "BASIC" | "ALLOWANCE" | "BONUS" | "DISCIPLINE" | "DEDUCTION" | "INSURANCE" | "TAX"; isTaxable: boolean; isInsurance: boolean; ... 5 more ...; maxAmount?: number | undefined; }, TFieldValues> | Promise<...>' is not assignable to type 'ResolverResult<{ code: string; name: string; category: "OVERTIME" | "BASIC" | "ALLOWANCE" | "BONUS" | "DISCIPLINE" | "DEDUCTION" | "INSURANCE" | "TAX"; isTaxable: boolean; isInsurance: boolean; ... 5 more ...; maxAmount?: number | undefined; }, { ...; }> | Promise<...>'.
          Type 'ResolverSuccess<TFieldValues>' is not assignable to type 'ResolverResult<{ code: string; name: string; category: "OVERTIME" | "BASIC" | "ALLOWANCE" | "BONUS" | "DISCIPLINE" | "DEDUCTION" | "INSURANCE" | "TAX"; isTaxable: boolean; isInsurance: boolean; ... 5 more ...; maxAmount?: number | undefined; }, { ...; }> | Promise<...>'.
            Type 'ResolverSuccess<TFieldValues>' is not assignable to type 'ResolverSuccess<{ code: string; name: string; category: "OVERTIME" | "BASIC" | "ALLOWANCE" | "BONUS" | "DISCIPLINE" | "DEDUCTION" | "INSURANCE" | "TAX"; isTaxable: boolean; isInsurance: boolean; isBase: boolean; ... 4 more ...; maxAmount?: number | undefined; }>'.
              Type 'TFieldValues' is not assignable to type '{ code: string; name: string; category: "OVERTIME" | "BASIC" | "ALLOWANCE" | "BONUS" | "DISCIPLINE" | "DEDUCTION" | "INSURANCE" | "TAX"; isTaxable: boolean; isInsurance: boolean; isBase: boolean; ... 4 more ...; maxAmount?: number | undefined; }'.
                Type 'FieldValues' is missing the following properties from type '{ code: string; name: string; category: "OVERTIME" | "BASIC" | "ALLOWANCE" | "BONUS" | "DISCIPLINE" | "DEDUCTION" | "INSURANCE" | "TAX"; isTaxable: boolean; isInsurance: boolean; isBase: boolean; ... 4 more ...; maxAmount?: number | undefined; }': code, name, category, isTaxable, and 4 more.
src/app/(protected)/payroll/formulas/formulas-client.tsx(252,29): error TS2322: Type 'Control<{ code: string; name: string; category: "OVERTIME" | "BASIC" | "ALLOWANCE" | "BONUS" | "DISCIPLINE" | "DEDUCTION" | "INSURANCE" | "TAX"; isTaxable: boolean; isInsurance: boolean; isBase: boolean; ... 4 more ...; maxAmount?: number | undefined; }, any, TFieldValues>' is not assignable to type 'Control<{ code: string; name: string; category: "OVERTIME" | "BASIC" | "ALLOWANCE" | "BONUS" | "DISCIPLINE" | "DEDUCTION" | "INSURANCE" | "TAX"; isTaxable: boolean; isInsurance: boolean; isBase: boolean; ... 4 more ...; maxAmount?: number | undefined; }, any, { ...; }>'.
  The types of '_options.resolver' are incompatible between these types.
    Type 'Resolver<{ code: string; name: string; category: "OVERTIME" | "BASIC" | "ALLOWANCE" | "BONUS" | "DISCIPLINE" | "DEDUCTION" | "INSURANCE" | "TAX"; isTaxable: boolean; isInsurance: boolean; ... 5 more ...; maxAmount?: number | undefined; }, any, TFieldValues> | undefined' is not assignable to type 'Resolver<{ code: string; name: string; category: "OVERTIME" | "BASIC" | "ALLOWANCE" | "BONUS" | "DISCIPLINE" | "DEDUCTION" | "INSURANCE" | "TAX"; isTaxable: boolean; isInsurance: boolean; ... 5 more ...; maxAmount?: number | undefined; }, any, { ...; }> | undefined'.
      Type 'Resolver<{ code: string; name: string; category: "OVERTIME" | "BASIC" | "ALLOWANCE" | "BONUS" | "DISCIPLINE" | "DEDUCTION" | "INSURANCE" | "TAX"; isTaxable: boolean; isInsurance: boolean; isBase: boolean; ... 4 more ...; maxAmount?: number | undefined; }, any, TFieldValues>' is not assignable to type 'Resolver<{ code: string; name: string; category: "OVERTIME" | "BASIC" | "ALLOWANCE" | "BONUS" | "DISCIPLINE" | "DEDUCTION" | "INSURANCE" | "TAX"; isTaxable: boolean; isInsurance: boolean; isBase: boolean; ... 4 more ...; maxAmount?: number | undefined; }, any, { ...; }>'.
        Type 'ResolverResult<{ code: string; name: string; category: "OVERTIME" | "BASIC" | "ALLOWANCE" | "BONUS" | "DISCIPLINE" | "DEDUCTION" | "INSURANCE" | "TAX"; isTaxable: boolean; isInsurance: boolean; ... 5 more ...; maxAmount?: number | undefined; }, TFieldValues> | Promise<...>' is not assignable to type 'ResolverResult<{ code: string; name: string; category: "OVERTIME" | "BASIC" | "ALLOWANCE" | "BONUS" | "DISCIPLINE" | "DEDUCTION" | "INSURANCE" | "TAX"; isTaxable: boolean; isInsurance: boolean; ... 5 more ...; maxAmount?: number | undefined; }, { ...; }> | Promise<...>'.
          Type 'ResolverSuccess<TFieldValues>' is not assignable to type 'ResolverResult<{ code: string; name: string; category: "OVERTIME" | "BASIC" | "ALLOWANCE" | "BONUS" | "DISCIPLINE" | "DEDUCTION" | "INSURANCE" | "TAX"; isTaxable: boolean; isInsurance: boolean; ... 5 more ...; maxAmount?: number | undefined; }, { ...; }> | Promise<...>'.
            Type 'ResolverSuccess<TFieldValues>' is not assignable to type 'ResolverSuccess<{ code: string; name: string; category: "OVERTIME" | "BASIC" | "ALLOWANCE" | "BONUS" | "DISCIPLINE" | "DEDUCTION" | "INSURANCE" | "TAX"; isTaxable: boolean; isInsurance: boolean; isBase: boolean; ... 4 more ...; maxAmount?: number | undefined; }>'.
              Type 'TFieldValues' is not assignable to type '{ code: string; name: string; category: "OVERTIME" | "BASIC" | "ALLOWANCE" | "BONUS" | "DISCIPLINE" | "DEDUCTION" | "INSURANCE" | "TAX"; isTaxable: boolean; isInsurance: boolean; isBase: boolean; ... 4 more ...; maxAmount?: number | undefined; }'.
                Type 'FieldValues' is missing the following properties from type '{ code: string; name: string; category: "OVERTIME" | "BASIC" | "ALLOWANCE" | "BONUS" | "DISCIPLINE" | "DEDUCTION" | "INSURANCE" | "TAX"; isTaxable: boolean; isInsurance: boolean; isBase: boolean; ... 4 more ...; maxAmount?: number | undefined; }': code, name, category, isTaxable, and 4 more.
src/app/(protected)/payroll/formulas/formulas-client.tsx(277,33): error TS2322: Type 'Control<{ code: string; name: string; category: "OVERTIME" | "BASIC" | "ALLOWANCE" | "BONUS" | "DISCIPLINE" | "DEDUCTION" | "INSURANCE" | "TAX"; isTaxable: boolean; isInsurance: boolean; isBase: boolean; ... 4 more ...; maxAmount?: number | undefined; }, any, TFieldValues>' is not assignable to type 'Control<{ code: string; name: string; category: "OVERTIME" | "BASIC" | "ALLOWANCE" | "BONUS" | "DISCIPLINE" | "DEDUCTION" | "INSURANCE" | "TAX"; isTaxable: boolean; isInsurance: boolean; isBase: boolean; ... 4 more ...; maxAmount?: number | undefined; }, any, { ...; }>'.
  The types of '_options.resolver' are incompatible between these types.
    Type 'Resolver<{ code: string; name: string; category: "OVERTIME" | "BASIC" | "ALLOWANCE" | "BONUS" | "DISCIPLINE" | "DEDUCTION" | "INSURANCE" | "TAX"; isTaxable: boolean; isInsurance: boolean; ... 5 more ...; maxAmount?: number | undefined; }, any, TFieldValues> | undefined' is not assignable to type 'Resolver<{ code: string; name: string; category: "OVERTIME" | "BASIC" | "ALLOWANCE" | "BONUS" | "DISCIPLINE" | "DEDUCTION" | "INSURANCE" | "TAX"; isTaxable: boolean; isInsurance: boolean; ... 5 more ...; maxAmount?: number | undefined; }, any, { ...; }> | undefined'.
      Type 'Resolver<{ code: string; name: string; category: "OVERTIME" | "BASIC" | "ALLOWANCE" | "BONUS" | "DISCIPLINE" | "DEDUCTION" | "INSURANCE" | "TAX"; isTaxable: boolean; isInsurance: boolean; isBase: boolean; ... 4 more ...; maxAmount?: number | undefined; }, any, TFieldValues>' is not assignable to type 'Resolver<{ code: string; name: string; category: "OVERTIME" | "BASIC" | "ALLOWANCE" | "BONUS" | "DISCIPLINE" | "DEDUCTION" | "INSURANCE" | "TAX"; isTaxable: boolean; isInsurance: boolean; isBase: boolean; ... 4 more ...; maxAmount?: number | undefined; }, any, { ...; }>'.
        Type 'ResolverResult<{ code: string; name: string; category: "OVERTIME" | "BASIC" | "ALLOWANCE" | "BONUS" | "DISCIPLINE" | "DEDUCTION" | "INSURANCE" | "TAX"; isTaxable: boolean; isInsurance: boolean; ... 5 more ...; maxAmount?: number | undefined; }, TFieldValues> | Promise<...>' is not assignable to type 'ResolverResult<{ code: string; name: string; category: "OVERTIME" | "BASIC" | "ALLOWANCE" | "BONUS" | "DISCIPLINE" | "DEDUCTION" | "INSURANCE" | "TAX"; isTaxable: boolean; isInsurance: boolean; ... 5 more ...; maxAmount?: number | undefined; }, { ...; }> | Promise<...>'.
          Type 'ResolverSuccess<TFieldValues>' is not assignable to type 'ResolverResult<{ code: string; name: string; category: "OVERTIME" | "BASIC" | "ALLOWANCE" | "BONUS" | "DISCIPLINE" | "DEDUCTION" | "INSURANCE" | "TAX"; isTaxable: boolean; isInsurance: boolean; ... 5 more ...; maxAmount?: number | undefined; }, { ...; }> | Promise<...>'.
            Type 'ResolverSuccess<TFieldValues>' is not assignable to type 'ResolverSuccess<{ code: string; name: string; category: "OVERTIME" | "BASIC" | "ALLOWANCE" | "BONUS" | "DISCIPLINE" | "DEDUCTION" | "INSURANCE" | "TAX"; isTaxable: boolean; isInsurance: boolean; isBase: boolean; ... 4 more ...; maxAmount?: number | undefined; }>'.
              Type 'TFieldValues' is not assignable to type '{ code: string; name: string; category: "OVERTIME" | "BASIC" | "ALLOWANCE" | "BONUS" | "DISCIPLINE" | "DEDUCTION" | "INSURANCE" | "TAX"; isTaxable: boolean; isInsurance: boolean; isBase: boolean; ... 4 more ...; maxAmount?: number | undefined; }'.
                Type 'FieldValues' is missing the following properties from type '{ code: string; name: string; category: "OVERTIME" | "BASIC" | "ALLOWANCE" | "BONUS" | "DISCIPLINE" | "DEDUCTION" | "INSURANCE" | "TAX"; isTaxable: boolean; isInsurance: boolean; isBase: boolean; ... 4 more ...; maxAmount?: number | undefined; }': code, name, category, isTaxable, and 4 more.
src/app/(protected)/payroll/formulas/formulas-client.tsx(294,33): error TS2322: Type 'Control<{ code: string; name: string; category: "OVERTIME" | "BASIC" | "ALLOWANCE" | "BONUS" | "DISCIPLINE" | "DEDUCTION" | "INSURANCE" | "TAX"; isTaxable: boolean; isInsurance: boolean; isBase: boolean; ... 4 more ...; maxAmount?: number | undefined; }, any, TFieldValues>' is not assignable to type 'Control<{ code: string; name: string; category: "OVERTIME" | "BASIC" | "ALLOWANCE" | "BONUS" | "DISCIPLINE" | "DEDUCTION" | "INSURANCE" | "TAX"; isTaxable: boolean; isInsurance: boolean; isBase: boolean; ... 4 more ...; maxAmount?: number | undefined; }, any, { ...; }>'.
  The types of '_options.resolver' are incompatible between these types.
    Type 'Resolver<{ code: string; name: string; category: "OVERTIME" | "BASIC" | "ALLOWANCE" | "BONUS" | "DISCIPLINE" | "DEDUCTION" | "INSURANCE" | "TAX"; isTaxable: boolean; isInsurance: boolean; ... 5 more ...; maxAmount?: number | undefined; }, any, TFieldValues> | undefined' is not assignable to type 'Resolver<{ code: string; name: string; category: "OVERTIME" | "BASIC" | "ALLOWANCE" | "BONUS" | "DISCIPLINE" | "DEDUCTION" | "INSURANCE" | "TAX"; isTaxable: boolean; isInsurance: boolean; ... 5 more ...; maxAmount?: number | undefined; }, any, { ...; }> | undefined'.
      Type 'Resolver<{ code: string; name: string; category: "OVERTIME" | "BASIC" | "ALLOWANCE" | "BONUS" | "DISCIPLINE" | "DEDUCTION" | "INSURANCE" | "TAX"; isTaxable: boolean; isInsurance: boolean; isBase: boolean; ... 4 more ...; maxAmount?: number | undefined; }, any, TFieldValues>' is not assignable to type 'Resolver<{ code: string; name: string; category: "OVERTIME" | "BASIC" | "ALLOWANCE" | "BONUS" | "DISCIPLINE" | "DEDUCTION" | "INSURANCE" | "TAX"; isTaxable: boolean; isInsurance: boolean; isBase: boolean; ... 4 more ...; maxAmount?: number | undefined; }, any, { ...; }>'.
        Type 'ResolverResult<{ code: string; name: string; category: "OVERTIME" | "BASIC" | "ALLOWANCE" | "BONUS" | "DISCIPLINE" | "DEDUCTION" | "INSURANCE" | "TAX"; isTaxable: boolean; isInsurance: boolean; ... 5 more ...; maxAmount?: number | undefined; }, TFieldValues> | Promise<...>' is not assignable to type 'ResolverResult<{ code: string; name: string; category: "OVERTIME" | "BASIC" | "ALLOWANCE" | "BONUS" | "DISCIPLINE" | "DEDUCTION" | "INSURANCE" | "TAX"; isTaxable: boolean; isInsurance: boolean; ... 5 more ...; maxAmount?: number | undefined; }, { ...; }> | Promise<...>'.
          Type 'ResolverSuccess<TFieldValues>' is not assignable to type 'ResolverResult<{ code: string; name: string; category: "OVERTIME" | "BASIC" | "ALLOWANCE" | "BONUS" | "DISCIPLINE" | "DEDUCTION" | "INSURANCE" | "TAX"; isTaxable: boolean; isInsurance: boolean; ... 5 more ...; maxAmount?: number | undefined; }, { ...; }> | Promise<...>'.
            Type 'ResolverSuccess<TFieldValues>' is not assignable to type 'ResolverSuccess<{ code: string; name: string; category: "OVERTIME" | "BASIC" | "ALLOWANCE" | "BONUS" | "DISCIPLINE" | "DEDUCTION" | "INSURANCE" | "TAX"; isTaxable: boolean; isInsurance: boolean; isBase: boolean; ... 4 more ...; maxAmount?: number | undefined; }>'.
              Type 'TFieldValues' is not assignable to type '{ code: string; name: string; category: "OVERTIME" | "BASIC" | "ALLOWANCE" | "BONUS" | "DISCIPLINE" | "DEDUCTION" | "INSURANCE" | "TAX"; isTaxable: boolean; isInsurance: boolean; isBase: boolean; ... 4 more ...; maxAmount?: number | undefined; }'.
                Type 'FieldValues' is missing the following properties from type '{ code: string; name: string; category: "OVERTIME" | "BASIC" | "ALLOWANCE" | "BONUS" | "DISCIPLINE" | "DEDUCTION" | "INSURANCE" | "TAX"; isTaxable: boolean; isInsurance: boolean; isBase: boolean; ... 4 more ...; maxAmount?: number | undefined; }': code, name, category, isTaxable, and 4 more.
src/app/(protected)/payroll/formulas/formulas-client.tsx(311,33): error TS2322: Type 'Control<{ code: string; name: string; category: "OVERTIME" | "BASIC" | "ALLOWANCE" | "BONUS" | "DISCIPLINE" | "DEDUCTION" | "INSURANCE" | "TAX"; isTaxable: boolean; isInsurance: boolean; isBase: boolean; ... 4 more ...; maxAmount?: number | undefined; }, any, TFieldValues>' is not assignable to type 'Control<{ code: string; name: string; category: "OVERTIME" | "BASIC" | "ALLOWANCE" | "BONUS" | "DISCIPLINE" | "DEDUCTION" | "INSURANCE" | "TAX"; isTaxable: boolean; isInsurance: boolean; isBase: boolean; ... 4 more ...; maxAmount?: number | undefined; }, any, { ...; }>'.
  The types of '_options.resolver' are incompatible between these types.
    Type 'Resolver<{ code: string; name: string; category: "OVERTIME" | "BASIC" | "ALLOWANCE" | "BONUS" | "DISCIPLINE" | "DEDUCTION" | "INSURANCE" | "TAX"; isTaxable: boolean; isInsurance: boolean; ... 5 more ...; maxAmount?: number | undefined; }, any, TFieldValues> | undefined' is not assignable to type 'Resolver<{ code: string; name: string; category: "OVERTIME" | "BASIC" | "ALLOWANCE" | "BONUS" | "DISCIPLINE" | "DEDUCTION" | "INSURANCE" | "TAX"; isTaxable: boolean; isInsurance: boolean; ... 5 more ...; maxAmount?: number | undefined; }, any, { ...; }> | undefined'.
      Type 'Resolver<{ code: string; name: string; category: "OVERTIME" | "BASIC" | "ALLOWANCE" | "BONUS" | "DISCIPLINE" | "DEDUCTION" | "INSURANCE" | "TAX"; isTaxable: boolean; isInsurance: boolean; isBase: boolean; ... 4 more ...; maxAmount?: number | undefined; }, any, TFieldValues>' is not assignable to type 'Resolver<{ code: string; name: string; category: "OVERTIME" | "BASIC" | "ALLOWANCE" | "BONUS" | "DISCIPLINE" | "DEDUCTION" | "INSURANCE" | "TAX"; isTaxable: boolean; isInsurance: boolean; isBase: boolean; ... 4 more ...; maxAmount?: number | undefined; }, any, { ...; }>'.
        Type 'ResolverResult<{ code: string; name: string; category: "OVERTIME" | "BASIC" | "ALLOWANCE" | "BONUS" | "DISCIPLINE" | "DEDUCTION" | "INSURANCE" | "TAX"; isTaxable: boolean; isInsurance: boolean; ... 5 more ...; maxAmount?: number | undefined; }, TFieldValues> | Promise<...>' is not assignable to type 'ResolverResult<{ code: string; name: string; category: "OVERTIME" | "BASIC" | "ALLOWANCE" | "BONUS" | "DISCIPLINE" | "DEDUCTION" | "INSURANCE" | "TAX"; isTaxable: boolean; isInsurance: boolean; ... 5 more ...; maxAmount?: number | undefined; }, { ...; }> | Promise<...>'.
          Type 'ResolverSuccess<TFieldValues>' is not assignable to type 'ResolverResult<{ code: string; name: string; category: "OVERTIME" | "BASIC" | "ALLOWANCE" | "BONUS" | "DISCIPLINE" | "DEDUCTION" | "INSURANCE" | "TAX"; isTaxable: boolean; isInsurance: boolean; ... 5 more ...; maxAmount?: number | undefined; }, { ...; }> | Promise<...>'.
            Type 'ResolverSuccess<TFieldValues>' is not assignable to type 'ResolverSuccess<{ code: string; name: string; category: "OVERTIME" | "BASIC" | "ALLOWANCE" | "BONUS" | "DISCIPLINE" | "DEDUCTION" | "INSURANCE" | "TAX"; isTaxable: boolean; isInsurance: boolean; isBase: boolean; ... 4 more ...; maxAmount?: number | undefined; }>'.
              Type 'TFieldValues' is not assignable to type '{ code: string; name: string; category: "OVERTIME" | "BASIC" | "ALLOWANCE" | "BONUS" | "DISCIPLINE" | "DEDUCTION" | "INSURANCE" | "TAX"; isTaxable: boolean; isInsurance: boolean; isBase: boolean; ... 4 more ...; maxAmount?: number | undefined; }'.
                Type 'FieldValues' is missing the following properties from type '{ code: string; name: string; category: "OVERTIME" | "BASIC" | "ALLOWANCE" | "BONUS" | "DISCIPLINE" | "DEDUCTION" | "INSURANCE" | "TAX"; isTaxable: boolean; isInsurance: boolean; isBase: boolean; ... 4 more ...; maxAmount?: number | undefined; }': code, name, category, isTaxable, and 4 more.
src/app/(protected)/payroll/payroll-client.tsx(306,44): error TS2551: Property 'department' does not exist on type '{ totalEmployees: number; totalGross: number; totalNet: number; totalTax: number; totalInsurance: number; totalDeductions: number; id: string; createdAt: Date; updatedAt: Date; departmentId: string | null; ... 7 more ...; processedAt: Date | null; }'. Did you mean 'departmentId'?
src/app/(protected)/payroll/payslips/payslips-client.tsx(226,61): error TS2345: Argument of type 'Decimal' is not assignable to parameter of type 'number | bigint'.
src/app/(protected)/payroll/payslips/payslips-client.tsx(230,72): error TS2345: Argument of type 'JsonValue' is not assignable to parameter of type 'string'.
  Type 'null' is not assignable to type 'string'.
src/app/(protected)/payroll/payslips/payslips-client.tsx(236,72): error TS2345: Argument of type 'JsonValue' is not assignable to parameter of type 'string'.
  Type 'null' is not assignable to type 'string'.
src/app/(protected)/payroll/payslips/payslips-client.tsx(245,61): error TS2345: Argument of type 'Decimal' is not assignable to parameter of type 'number | bigint'.
src/app/(protected)/payroll/tax-insurance/tax-insurance-client.tsx(66,37): error TS2345: Argument of type '{ key: string; value: number; description: string; }' is not assignable to parameter of type '{ key: string; value: number; effectiveDate: string; description?: string | undefined; }'.
  Property 'effectiveDate' is missing in type '{ key: string; value: number; description: string; }' but required in type '{ key: string; value: number; effectiveDate: string; description?: string | undefined; }'.
src/app/(protected)/positions/[id]/position-detail-client.tsx(37,15): error TS2459: Module '"../actions"' declares 'PositionDetail' locally, but it is not exported.
src/app/(protected)/positions/[id]/position-detail-client.tsx(282,58): error TS7006: Parameter 'user' implicitly has an 'any' type.
src/app/(protected)/positions/[id]/position-detail-client.tsx(334,61): error TS7006: Parameter 'child' implicitly has an 'any' type.
src/app/(protected)/positions/[id]/position-detail-client.tsx(411,17): error TS2739: Type '{ id: any; name: any; code: any; authority: any; departmentId: any; level: any; description: any; parentId: any; minSalary: any; maxSalary: any; status: any; sortOrder: any; }' is missing the following properties from type 'PositionListItem': departmentName, parentName, userCount
src/app/(protected)/positions/actions.ts(88,18): error TS2304: Cannot find name 'PositionListItem'.
src/app/(protected)/positions/actions.ts(209,11): error TS2304: Cannot find name 'CreatePositionInput'.
src/app/(protected)/positions/actions.ts(269,28): error TS2304: Cannot find name 'z'.
src/app/(protected)/positions/actions.ts(270,45): error TS18046: 'err' is of type 'unknown'.
src/app/(protected)/positions/actions.ts(282,11): error TS2304: Cannot find name 'UpdatePositionInput'.
src/app/(protected)/positions/actions.ts(345,28): error TS2304: Cannot find name 'z'.
src/app/(protected)/positions/actions.ts(346,45): error TS18046: 'err' is of type 'unknown'.
src/app/(protected)/positions/positions-client.tsx(9,10): error TS2305: Module '"./actions"' has no exported member 'PositionListItem'.
src/app/(protected)/positions/positions-client.tsx(10,10): error TS2724: '"./actions"' has no exported member named 'GetPositionsParams'. Did you mean 'getPositions'?
src/app/(protected)/positions/positions-client.tsx(11,10): error TS2724: '"./actions"' has no exported member named 'GetPositionsResult'. Did you mean 'getPositions'?
src/app/(protected)/recruitment/actions.ts(305,17): error TS2353: Object literal may only specify known properties, and 'candidateTags' does not exist in type 'CandidateInclude<DefaultArgs>'.
src/app/(protected)/recruitment/actions.ts(315,35): error TS2551: Property 'jobPosting' does not exist on type '{ id: string; name: string; email: string; createdAt: Date; updatedAt: Date; address: string | null; dateOfBirth: Date | null; gender: string | null; notes: string | null; ... 13 more ...; tags: string[]; }'. Did you mean 'jobPostingId'?
src/app/(protected)/recruitment/actions.ts(337,33): error TS2339: Property 'candidateTags' does not exist on type '{ id: string; name: string; email: string; createdAt: Date; updatedAt: Date; address: string | null; dateOfBirth: Date | null; gender: string | null; notes: string | null; ... 13 more ...; tags: string[]; }'.
src/app/(protected)/recruitment/actions.ts(354,13): error TS2353: Object literal may only specify known properties, and 'candidateTags' does not exist in type 'CandidateInclude<DefaultArgs>'.
src/app/(protected)/recruitment/actions.ts(361,31): error TS2551: Property 'jobPosting' does not exist on type '{ id: string; name: string; email: string; createdAt: Date; updatedAt: Date; address: string | null; dateOfBirth: Date | null; gender: string | null; notes: string | null; ... 13 more ...; tags: string[]; }'. Did you mean 'jobPostingId'?
src/app/(protected)/recruitment/actions.ts(383,29): error TS2339: Property 'candidateTags' does not exist on type '{ id: string; name: string; email: string; createdAt: Date; updatedAt: Date; address: string | null; dateOfBirth: Date | null; gender: string | null; notes: string | null; ... 13 more ...; tags: string[]; }'.
src/app/(protected)/recruitment/actions.ts(439,13): error TS2353: Object literal may only specify known properties, and 'candidateTags' does not exist in type 'CandidateInclude<DefaultArgs>'.
src/app/(protected)/recruitment/actions.ts(454,31): error TS2551: Property 'jobPosting' does not exist on type '{ id: string; name: string; email: string; createdAt: Date; updatedAt: Date; address: string | null; dateOfBirth: Date | null; gender: string | null; notes: string | null; ... 13 more ...; tags: string[]; }'. Did you mean 'jobPostingId'?
src/app/(protected)/recruitment/actions.ts(476,29): error TS2339: Property 'candidateTags' does not exist on type '{ id: string; name: string; email: string; createdAt: Date; updatedAt: Date; address: string | null; dateOfBirth: Date | null; gender: string | null; notes: string | null; ... 13 more ...; tags: string[]; }'.
src/app/(protected)/recruitment/actions.ts(477,26): error TS2339: Property 'interviews' does not exist on type '{ id: string; name: string; email: string; createdAt: Date; updatedAt: Date; address: string | null; dateOfBirth: Date | null; gender: string | null; notes: string | null; ... 13 more ...; tags: string[]; }'.
src/app/(protected)/recruitment/actions.ts(477,42): error TS7006: Parameter 'interview' implicitly has an 'any' type.
src/app/(protected)/recruitment/pipeline/page.tsx(12,13): error TS2322: Type '{ id: string; jobPostingId: string; jobPostingTitle: any; name: string; email: string; phone: string | null; gender: "MALE" | "FEMALE" | "OTHER" | null; dateOfBirth: string | null; address: string | null; ... 15 more ...; candidateTags: any; }[]' is not assignable to type 'CandidateBasic[]'.
  Type '{ id: string; jobPostingId: string; jobPostingTitle: any; name: string; email: string; phone: string | null; gender: "MALE" | "FEMALE" | "OTHER" | null; dateOfBirth: string | null; address: string | null; ... 15 more ...; candidateTags: any; }' is not assignable to type 'CandidateBasic'.
    Types of property 'source' are incompatible.
      Type 'string' is not assignable to type 'CandidateSource'.
src/app/(protected)/recruitment/pipeline/page.tsx(13,13): error TS2322: Type '{ id: string; title: string; departmentId: string | null; departmentName: string | null; positionId: string | null; positionName: string | null; description: string; requirements: string; ... 20 more ...; hiredCount: number; }[]' is not assignable to type 'JobPostingBasic[]'.
  Type '{ id: string; title: string; departmentId: string | null; departmentName: string | null; positionId: string | null; positionName: string | null; description: string; requirements: string; ... 20 more ...; hiredCount: number; }' is not assignable to type 'JobPostingBasic'.
    Types of property 'departmentName' are incompatible.
      Type 'string | null' is not assignable to type 'string | undefined'.
        Type 'null' is not assignable to type 'string | undefined'.
src/app/(protected)/recruitment/pipeline/pipeline-client.tsx(122,24): error TS2769: No overload matches this call.
  Overload 1 of 3, '(options: DefinedInitialDataOptions<{ items: { id: string; jobPostingId: string; jobPostingTitle: any; name: string; email: string; phone: string | null; gender: "MALE" | "FEMALE" | "OTHER" | null; dateOfBirth: string | null; ... 16 more ...; candidateTags: any; }[]; total: number; page: number; limit: number; totalPages: number; }, Error, { ...; }, (string | CandidateFilters)[]>, queryClient?: QueryClient | undefined): DefinedUseQueryResult<...>', gave the following error.
    Type 'CandidateBasic[]' is not assignable to type '{ id: string; jobPostingId: string; jobPostingTitle: any; name: string; email: string; phone: string | null; gender: "MALE" | "FEMALE" | "OTHER" | null; dateOfBirth: string | null; address: string | null; ... 15 more ...; candidateTags: any; }[]'.
      Property 'candidateTags' is missing in type 'CandidateBasic' but required in type '{ id: string; jobPostingId: string; jobPostingTitle: any; name: string; email: string; phone: string | null; gender: "MALE" | "FEMALE" | "OTHER" | null; dateOfBirth: string | null; address: string | null; ... 15 more ...; candidateTags: any; }'.
  Overload 2 of 3, '(options: UndefinedInitialDataOptions<{ items: { id: string; jobPostingId: string; jobPostingTitle: any; name: string; email: string; phone: string | null; gender: "MALE" | "FEMALE" | "OTHER" | null; dateOfBirth: string | null; ... 16 more ...; candidateTags: any; }[]; total: number; page: number; limit: number; totalPages: number; }, Error, { ...; }, (string | CandidateFilters)[]>, queryClient?: QueryClient | undefined): UseQueryResult<...>', gave the following error.
    Type 'CandidateBasic[]' is not assignable to type '{ id: string; jobPostingId: string; jobPostingTitle: any; name: string; email: string; phone: string | null; gender: "MALE" | "FEMALE" | "OTHER" | null; dateOfBirth: string | null; address: string | null; ... 15 more ...; candidateTags: any; }[]'.
      Property 'candidateTags' is missing in type 'CandidateBasic' but required in type '{ id: string; jobPostingId: string; jobPostingTitle: any; name: string; email: string; phone: string | null; gender: "MALE" | "FEMALE" | "OTHER" | null; dateOfBirth: string | null; address: string | null; ... 15 more ...; candidateTags: any; }'.
  Overload 3 of 3, '(options: UseQueryOptions<{ items: { id: string; jobPostingId: string; jobPostingTitle: any; name: string; email: string; phone: string | null; gender: "MALE" | "FEMALE" | "OTHER" | null; dateOfBirth: string | null; ... 16 more ...; candidateTags: any; }[]; total: number; page: number; limit: number; totalPages: number; }, Error, { ...; }, (string | CandidateFilters)[]>, queryClient?: QueryClient | undefined): UseQueryResult<...>', gave the following error.
    Type 'CandidateBasic[]' is not assignable to type '{ id: string; jobPostingId: string; jobPostingTitle: any; name: string; email: string; phone: string | null; gender: "MALE" | "FEMALE" | "OTHER" | null; dateOfBirth: string | null; address: string | null; ... 15 more ...; candidateTags: any; }[]'.
      Property 'candidateTags' is missing in type 'CandidateBasic' but required in type '{ id: string; jobPostingId: string; jobPostingTitle: any; name: string; email: string; phone: string | null; gender: "MALE" | "FEMALE" | "OTHER" | null; dateOfBirth: string | null; address: string | null; ... 15 more ...; candidateTags: any; }'.
src/app/(protected)/recruitment/pipeline/pipeline-client.tsx(128,24): error TS2769: No overload matches this call.
  Overload 1 of 3, '(options: DefinedInitialDataOptions<{ items: { id: string; title: string; departmentId: string | null; departmentName: string | null; positionId: string | null; positionName: string | null; description: string; requirements: string; ... 20 more ...; hiredCount: number; }[]; total: number; page: number; limit: number; totalPages: number; }, Error, { ...; }, string[]>, queryClient?: QueryClient | undefined): DefinedUseQueryResult<...>', gave the following error.
    Type 'JobPostingBasic[]' is not assignable to type '{ id: string; title: string; departmentId: string | null; departmentName: string | null; positionId: string | null; positionName: string | null; description: string; requirements: string; ... 20 more ...; hiredCount: number; }[]'.
      Type 'JobPostingBasic' is missing the following properties from type '{ id: string; title: string; departmentId: string | null; departmentName: string | null; positionId: string | null; positionName: string | null; description: string; requirements: string; ... 20 more ...; hiredCount: number; }': candidateCount, interviewCount, hiredCount
  Overload 2 of 3, '(options: UndefinedInitialDataOptions<{ items: { id: string; title: string; departmentId: string | null; departmentName: string | null; positionId: string | null; positionName: string | null; description: string; requirements: string; ... 20 more ...; hiredCount: number; }[]; total: number; page: number; limit: number; totalPages: number; }, Error, { ...; }, string[]>, queryClient?: QueryClient | undefined): UseQueryResult<...>', gave the following error.
    Type 'JobPostingBasic[]' is not assignable to type '{ id: string; title: string; departmentId: string | null; departmentName: string | null; positionId: string | null; positionName: string | null; description: string; requirements: string; ... 20 more ...; hiredCount: number; }[]'.
      Type 'JobPostingBasic' is missing the following properties from type '{ id: string; title: string; departmentId: string | null; departmentName: string | null; positionId: string | null; positionName: string | null; description: string; requirements: string; ... 20 more ...; hiredCount: number; }': candidateCount, interviewCount, hiredCount
  Overload 3 of 3, '(options: UseQueryOptions<{ items: { id: string; title: string; departmentId: string | null; departmentName: string | null; positionId: string | null; positionName: string | null; description: string; requirements: string; ... 20 more ...; hiredCount: number; }[]; total: number; page: number; limit: number; totalPages: number; }, Error, { ...; }, string[]>, queryClient?: QueryClient | undefined): UseQueryResult<...>', gave the following error.
    Type 'JobPostingBasic[]' is not assignable to type '{ id: string; title: string; departmentId: string | null; departmentName: string | null; positionId: string | null; positionName: string | null; description: string; requirements: string; ... 20 more ...; hiredCount: number; }[]'.
      Type 'JobPostingBasic' is missing the following properties from type '{ id: string; title: string; departmentId: string | null; departmentName: string | null; positionId: string | null; positionName: string | null; description: string; requirements: string; ... 20 more ...; hiredCount: number; }': candidateCount, interviewCount, hiredCount
src/app/(protected)/recruitment/pipeline/pipeline-client.tsx(151,80): error TS2345: Argument of type '{ jobPostingId: string; name: string; email: string; phone?: string | undefined; gender?: "MALE" | "FEMALE" | "OTHER" | undefined; dateOfBirth?: string | undefined; address?: string | undefined; ... 5 more ...; notes?: string | undefined; }' is not assignable to parameter of type '{ jobPostingId: string; name: string; email: string; source: "OTHER" | "WEBSITE" | "LINKEDIN" | "FACEBOOK" | "REFERRAL" | "AGENCY"; phone?: string | undefined; gender?: "MALE" | "FEMALE" | "OTHER" | undefined; ... 7 more ...; tags?: string[] | undefined; }'.
  Types of property 'source' are incompatible.
    Type 'string | undefined' is not assignable to type '"OTHER" | "WEBSITE" | "LINKEDIN" | "FACEBOOK" | "REFERRAL" | "AGENCY"'.
      Type 'undefined' is not assignable to type '"OTHER" | "WEBSITE" | "LINKEDIN" | "FACEBOOK" | "REFERRAL" | "AGENCY"'.
src/app/(protected)/recruitment/pipeline/pipeline-client.tsx(207,17): error TS7053: Element implicitly has an 'any' type because expression of type 'string' can't be used to index type 'Record<CandidateStage, CandidateBasic[]>'.
  No index signature with a parameter of type 'string' was found on type 'Record<CandidateStage, CandidateBasic[]>'.
src/app/(protected)/recruitment/pipeline/pipeline-client.tsx(208,17): error TS7053: Element implicitly has an 'any' type because expression of type 'string' can't be used to index type 'Record<CandidateStage, CandidateBasic[]>'.
  No index signature with a parameter of type 'string' was found on type 'Record<CandidateStage, CandidateBasic[]>'.
src/app/(protected)/recruitment/pool/page.tsx(12,13): error TS2322: Type '{ id: string; jobPostingId: string; jobPostingTitle: any; name: string; email: string; phone: string | null; gender: "MALE" | "FEMALE" | "OTHER" | null; dateOfBirth: string | null; address: string | null; ... 15 more ...; candidateTags: any; }[]' is not assignable to type 'CandidateBasic[]'.
  Type '{ id: string; jobPostingId: string; jobPostingTitle: any; name: string; email: string; phone: string | null; gender: "MALE" | "FEMALE" | "OTHER" | null; dateOfBirth: string | null; address: string | null; ... 15 more ...; candidateTags: any; }' is not assignable to type 'CandidateBasic'.
    Types of property 'source' are incompatible.
      Type 'string' is not assignable to type 'CandidateSource'.
src/app/(protected)/recruitment/pool/page.tsx(13,13): error TS2322: Type '{ id: string; title: string; departmentId: string | null; departmentName: string | null; positionId: string | null; positionName: string | null; description: string; requirements: string; ... 20 more ...; hiredCount: number; }[]' is not assignable to type 'JobPostingBasic[]'.
  Type '{ id: string; title: string; departmentId: string | null; departmentName: string | null; positionId: string | null; positionName: string | null; description: string; requirements: string; ... 20 more ...; hiredCount: number; }' is not assignable to type 'JobPostingBasic'.
    Types of property 'departmentName' are incompatible.
      Type 'string | null' is not assignable to type 'string | undefined'.
        Type 'null' is not assignable to type 'string | undefined'.
src/app/(protected)/recruitment/pool/pool-client.tsx(133,24): error TS2769: No overload matches this call.
  Overload 1 of 3, '(options: DefinedInitialDataOptions<{ items: { id: string; jobPostingId: string; jobPostingTitle: any; name: string; email: string; phone: string | null; gender: "MALE" | "FEMALE" | "OTHER" | null; dateOfBirth: string | null; ... 16 more ...; candidateTags: any; }[]; total: number; page: number; limit: number; totalPages: number; }, Error, { ...; }, (string | CandidateFilters)[]>, queryClient?: QueryClient | undefined): DefinedUseQueryResult<...>', gave the following error.
    Type 'CandidateBasic[]' is not assignable to type '{ id: string; jobPostingId: string; jobPostingTitle: any; name: string; email: string; phone: string | null; gender: "MALE" | "FEMALE" | "OTHER" | null; dateOfBirth: string | null; address: string | null; ... 15 more ...; candidateTags: any; }[]'.
      Property 'candidateTags' is missing in type 'CandidateBasic' but required in type '{ id: string; jobPostingId: string; jobPostingTitle: any; name: string; email: string; phone: string | null; gender: "MALE" | "FEMALE" | "OTHER" | null; dateOfBirth: string | null; address: string | null; ... 15 more ...; candidateTags: any; }'.
  Overload 2 of 3, '(options: UndefinedInitialDataOptions<{ items: { id: string; jobPostingId: string; jobPostingTitle: any; name: string; email: string; phone: string | null; gender: "MALE" | "FEMALE" | "OTHER" | null; dateOfBirth: string | null; ... 16 more ...; candidateTags: any; }[]; total: number; page: number; limit: number; totalPages: number; }, Error, { ...; }, (string | CandidateFilters)[]>, queryClient?: QueryClient | undefined): UseQueryResult<...>', gave the following error.
    Type 'CandidateBasic[]' is not assignable to type '{ id: string; jobPostingId: string; jobPostingTitle: any; name: string; email: string; phone: string | null; gender: "MALE" | "FEMALE" | "OTHER" | null; dateOfBirth: string | null; address: string | null; ... 15 more ...; candidateTags: any; }[]'.
      Property 'candidateTags' is missing in type 'CandidateBasic' but required in type '{ id: string; jobPostingId: string; jobPostingTitle: any; name: string; email: string; phone: string | null; gender: "MALE" | "FEMALE" | "OTHER" | null; dateOfBirth: string | null; address: string | null; ... 15 more ...; candidateTags: any; }'.
  Overload 3 of 3, '(options: UseQueryOptions<{ items: { id: string; jobPostingId: string; jobPostingTitle: any; name: string; email: string; phone: string | null; gender: "MALE" | "FEMALE" | "OTHER" | null; dateOfBirth: string | null; ... 16 more ...; candidateTags: any; }[]; total: number; page: number; limit: number; totalPages: number; }, Error, { ...; }, (string | CandidateFilters)[]>, queryClient?: QueryClient | undefined): UseQueryResult<...>', gave the following error.
    Type 'CandidateBasic[]' is not assignable to type '{ id: string; jobPostingId: string; jobPostingTitle: any; name: string; email: string; phone: string | null; gender: "MALE" | "FEMALE" | "OTHER" | null; dateOfBirth: string | null; address: string | null; ... 15 more ...; candidateTags: any; }[]'.
      Property 'candidateTags' is missing in type 'CandidateBasic' but required in type '{ id: string; jobPostingId: string; jobPostingTitle: any; name: string; email: string; phone: string | null; gender: "MALE" | "FEMALE" | "OTHER" | null; dateOfBirth: string | null; address: string | null; ... 15 more ...; candidateTags: any; }'.
src/app/(protected)/recruitment/pool/pool-client.tsx(139,24): error TS2769: No overload matches this call.
  Overload 1 of 3, '(options: DefinedInitialDataOptions<{ items: { id: string; title: string; departmentId: string | null; departmentName: string | null; positionId: string | null; positionName: string | null; description: string; requirements: string; ... 20 more ...; hiredCount: number; }[]; total: number; page: number; limit: number; totalPages: number; }, Error, { ...; }, string[]>, queryClient?: QueryClient | undefined): DefinedUseQueryResult<...>', gave the following error.
    Type 'JobPostingBasic[]' is not assignable to type '{ id: string; title: string; departmentId: string | null; departmentName: string | null; positionId: string | null; positionName: string | null; description: string; requirements: string; ... 20 more ...; hiredCount: number; }[]'.
      Type 'JobPostingBasic' is missing the following properties from type '{ id: string; title: string; departmentId: string | null; departmentName: string | null; positionId: string | null; positionName: string | null; description: string; requirements: string; ... 20 more ...; hiredCount: number; }': candidateCount, interviewCount, hiredCount
  Overload 2 of 3, '(options: UndefinedInitialDataOptions<{ items: { id: string; title: string; departmentId: string | null; departmentName: string | null; positionId: string | null; positionName: string | null; description: string; requirements: string; ... 20 more ...; hiredCount: number; }[]; total: number; page: number; limit: number; totalPages: number; }, Error, { ...; }, string[]>, queryClient?: QueryClient | undefined): UseQueryResult<...>', gave the following error.
    Type 'JobPostingBasic[]' is not assignable to type '{ id: string; title: string; departmentId: string | null; departmentName: string | null; positionId: string | null; positionName: string | null; description: string; requirements: string; ... 20 more ...; hiredCount: number; }[]'.
      Type 'JobPostingBasic' is missing the following properties from type '{ id: string; title: string; departmentId: string | null; departmentName: string | null; positionId: string | null; positionName: string | null; description: string; requirements: string; ... 20 more ...; hiredCount: number; }': candidateCount, interviewCount, hiredCount
  Overload 3 of 3, '(options: UseQueryOptions<{ items: { id: string; title: string; departmentId: string | null; departmentName: string | null; positionId: string | null; positionName: string | null; description: string; requirements: string; ... 20 more ...; hiredCount: number; }[]; total: number; page: number; limit: number; totalPages: number; }, Error, { ...; }, string[]>, queryClient?: QueryClient | undefined): UseQueryResult<...>', gave the following error.
    Type 'JobPostingBasic[]' is not assignable to type '{ id: string; title: string; departmentId: string | null; departmentName: string | null; positionId: string | null; positionName: string | null; description: string; requirements: string; ... 20 more ...; hiredCount: number; }[]'.
      Type 'JobPostingBasic' is missing the following properties from type '{ id: string; title: string; departmentId: string | null; departmentName: string | null; positionId: string | null; positionName: string | null; description: string; requirements: string; ... 20 more ...; hiredCount: number; }': candidateCount, interviewCount, hiredCount
src/app/(protected)/recruitment/pool/pool-client.tsx(162,80): error TS2345: Argument of type '{ jobPostingId: string; name: string; email: string; phone?: string | undefined; gender?: "MALE" | "FEMALE" | "OTHER" | undefined; dateOfBirth?: string | undefined; address?: string | undefined; ... 5 more ...; notes?: string | undefined; }' is not assignable to parameter of type '{ jobPostingId: string; name: string; email: string; source: "OTHER" | "WEBSITE" | "LINKEDIN" | "FACEBOOK" | "REFERRAL" | "AGENCY"; phone?: string | undefined; gender?: "MALE" | "FEMALE" | "OTHER" | undefined; ... 7 more ...; tags?: string[] | undefined; }'.
  Types of property 'source' are incompatible.
    Type 'string | undefined' is not assignable to type '"OTHER" | "WEBSITE" | "LINKEDIN" | "FACEBOOK" | "REFERRAL" | "AGENCY"'.
      Type 'undefined' is not assignable to type '"OTHER" | "WEBSITE" | "LINKEDIN" | "FACEBOOK" | "REFERRAL" | "AGENCY"'.
src/app/(protected)/recruitment/pool/pool-client.tsx(467,80): error TS2322: Type 'string | undefined' is not assignable to type '"" | CandidateStage | undefined'.
  Type 'string' is not assignable to type '"" | CandidateStage | undefined'.
src/app/(protected)/recruitment/pool/pool-client.tsx(501,80): error TS2322: Type 'string | undefined' is not assignable to type '"" | CandidateSource | undefined'.
  Type 'string' is not assignable to type '"" | CandidateSource | undefined'.
src/app/(protected)/recruitment/pool/pool-client.tsx(590,52): error TS2322: Type '"default" | "success" | "secondary" | "destructive" | "outline" | "warning"' is not assignable to type '"default" | "link" | "secondary" | "destructive" | "outline" | "ghost" | null | undefined'.
  Type '"success"' is not assignable to type '"default" | "link" | "secondary" | "destructive" | "outline" | "ghost" | null | undefined'.
src/app/(protected)/recruitment/pool/pool-client.tsx(590,82): error TS2345: Argument of type 'string' is not assignable to parameter of type 'CandidateStage'.
src/app/(protected)/recruitment/pool/pool-client.tsx(591,50): error TS7053: Element implicitly has an 'any' type because expression of type 'string' can't be used to index type '{ readonly APPLIED: { readonly label: "Ứng tuyển"; readonly color: "default"; readonly order: 1; }; readonly SCREENING: { readonly label: "Sàng lọc"; readonly color: "warning"; readonly order: 2; }; readonly INTERVIEW: { ...; }; readonly OFFER: { ...; }; readonly HIRED: { ...; }; readonly REJECTED: { ...; }; }'.
  No index signature with a parameter of type 'string' was found on type '{ readonly APPLIED: { readonly label: "Ứng tuyển"; readonly color: "default"; readonly order: 1; }; readonly SCREENING: { readonly label: "Sàng lọc"; readonly color: "warning"; readonly order: 2; }; readonly INTERVIEW: { ...; }; readonly OFFER: { ...; }; readonly HIRED: { ...; }; readonly REJECTED: { ...; }; }'.
src/app/(protected)/recruitment/reports/page.tsx(15,13): error TS2322: Type '{ id: string; title: string; departmentId: string | null; departmentName: string | null; positionId: string | null; positionName: string | null; description: string; requirements: string; ... 20 more ...; hiredCount: number; }[]' is not assignable to type 'JobPostingBasic[]'.
  Type '{ id: string; title: string; departmentId: string | null; departmentName: string | null; positionId: string | null; positionName: string | null; description: string; requirements: string; ... 20 more ...; hiredCount: number; }' is not assignable to type 'JobPostingBasic'.
    Types of property 'departmentName' are incompatible.
      Type 'string | null' is not assignable to type 'string | undefined'.
        Type 'null' is not assignable to type 'string | undefined'.
src/app/(protected)/recruitment/reports/page.tsx(16,13): error TS2322: Type '{ id: string; jobPostingId: string; jobPostingTitle: any; name: string; email: string; phone: string | null; gender: "MALE" | "FEMALE" | "OTHER" | null; dateOfBirth: string | null; address: string | null; ... 15 more ...; candidateTags: any; }[]' is not assignable to type 'CandidateBasic[]'.
  Type '{ id: string; jobPostingId: string; jobPostingTitle: any; name: string; email: string; phone: string | null; gender: "MALE" | "FEMALE" | "OTHER" | null; dateOfBirth: string | null; address: string | null; ... 15 more ...; candidateTags: any; }' is not assignable to type 'CandidateBasic'.
    Types of property 'source' are incompatible.
      Type 'string' is not assignable to type 'CandidateSource'.
src/app/(protected)/recruitment/reports/page.tsx(17,13): error TS2322: Type '{ id: string; candidateId: string; candidateName: string; jobPostingId: string; jobPostingTitle: string; round: number; type: string; method: string; scheduledDate: string; scheduledTime: string; ... 19 more ...; feedbacks: { ...; }[]; }[]' is not assignable to type 'InterviewBasic[]'.
  Type '{ id: string; candidateId: string; candidateName: string; jobPostingId: string; jobPostingTitle: string; round: number; type: string; method: string; scheduledDate: string; scheduledTime: string; ... 19 more ...; feedbacks: { ...; }[]; }' is not assignable to type 'InterviewBasic'.
    Types of property 'type' are incompatible.
      Type 'string' is not assignable to type 'InterviewType'.
src/app/(protected)/recruitment/reports/reports-client.tsx(75,24): error TS2769: No overload matches this call.
  Overload 1 of 3, '(options: DefinedInitialDataOptions<{ items: { id: string; jobPostingId: string; jobPostingTitle: any; name: string; email: string; phone: string | null; gender: "MALE" | "FEMALE" | "OTHER" | null; dateOfBirth: string | null; ... 16 more ...; candidateTags: any; }[]; total: number; page: number; limit: number; totalPages: number; }, Error, { ...; }, string[]>, queryClient?: QueryClient | undefined): DefinedUseQueryResult<...>', gave the following error.
    Type 'CandidateBasic[]' is not assignable to type '{ id: string; jobPostingId: string; jobPostingTitle: any; name: string; email: string; phone: string | null; gender: "MALE" | "FEMALE" | "OTHER" | null; dateOfBirth: string | null; address: string | null; ... 15 more ...; candidateTags: any; }[]'.
      Property 'candidateTags' is missing in type 'CandidateBasic' but required in type '{ id: string; jobPostingId: string; jobPostingTitle: any; name: string; email: string; phone: string | null; gender: "MALE" | "FEMALE" | "OTHER" | null; dateOfBirth: string | null; address: string | null; ... 15 more ...; candidateTags: any; }'.
  Overload 2 of 3, '(options: UndefinedInitialDataOptions<{ items: { id: string; jobPostingId: string; jobPostingTitle: any; name: string; email: string; phone: string | null; gender: "MALE" | "FEMALE" | "OTHER" | null; dateOfBirth: string | null; ... 16 more ...; candidateTags: any; }[]; total: number; page: number; limit: number; totalPages: number; }, Error, { ...; }, string[]>, queryClient?: QueryClient | undefined): UseQueryResult<...>', gave the following error.
    Type 'CandidateBasic[]' is not assignable to type '{ id: string; jobPostingId: string; jobPostingTitle: any; name: string; email: string; phone: string | null; gender: "MALE" | "FEMALE" | "OTHER" | null; dateOfBirth: string | null; address: string | null; ... 15 more ...; candidateTags: any; }[]'.
      Property 'candidateTags' is missing in type 'CandidateBasic' but required in type '{ id: string; jobPostingId: string; jobPostingTitle: any; name: string; email: string; phone: string | null; gender: "MALE" | "FEMALE" | "OTHER" | null; dateOfBirth: string | null; address: string | null; ... 15 more ...; candidateTags: any; }'.
  Overload 3 of 3, '(options: UseQueryOptions<{ items: { id: string; jobPostingId: string; jobPostingTitle: any; name: string; email: string; phone: string | null; gender: "MALE" | "FEMALE" | "OTHER" | null; dateOfBirth: string | null; ... 16 more ...; candidateTags: any; }[]; total: number; page: number; limit: number; totalPages: number; }, Error, { ...; }, string[]>, queryClient?: QueryClient | undefined): UseQueryResult<...>', gave the following error.
    Type 'CandidateBasic[]' is not assignable to type '{ id: string; jobPostingId: string; jobPostingTitle: any; name: string; email: string; phone: string | null; gender: "MALE" | "FEMALE" | "OTHER" | null; dateOfBirth: string | null; address: string | null; ... 15 more ...; candidateTags: any; }[]'.
      Property 'candidateTags' is missing in type 'CandidateBasic' but required in type '{ id: string; jobPostingId: string; jobPostingTitle: any; name: string; email: string; phone: string | null; gender: "MALE" | "FEMALE" | "OTHER" | null; dateOfBirth: string | null; address: string | null; ... 15 more ...; candidateTags: any; }'.
src/app/(protected)/recruitment/reports/reports-client.tsx(81,24): error TS2769: No overload matches this call.
  Overload 1 of 3, '(options: DefinedInitialDataOptions<{ items: { id: string; candidateId: string; candidateName: string; jobPostingId: string; jobPostingTitle: string; round: number; type: string; method: string; scheduledDate: string; scheduledTime: string; ... 19 more ...; feedbacks: { ...; }[]; }[]; total: number; page: number; limit: number; totalPages: number; }, Error, { ...; }, string[]>, queryClient?: QueryClient | undefined): DefinedUseQueryResult<...>', gave the following error.
    Type 'InterviewBasic[]' is not assignable to type '{ id: string; candidateId: string; candidateName: string; jobPostingId: string; jobPostingTitle: string; round: number; type: string; method: string; scheduledDate: string; scheduledTime: string; ... 19 more ...; feedbacks: { ...; }[]; }[]'.
      Property 'feedbacks' is missing in type 'InterviewBasic' but required in type '{ id: string; candidateId: string; candidateName: string; jobPostingId: string; jobPostingTitle: string; round: number; type: string; method: string; scheduledDate: string; scheduledTime: string; ... 19 more ...; feedbacks: { ...; }[]; }'.
  Overload 2 of 3, '(options: UndefinedInitialDataOptions<{ items: { id: string; candidateId: string; candidateName: string; jobPostingId: string; jobPostingTitle: string; round: number; type: string; method: string; scheduledDate: string; scheduledTime: string; ... 19 more ...; feedbacks: { ...; }[]; }[]; total: number; page: number; limit: number; totalPages: number; }, Error, { ...; }, string[]>, queryClient?: QueryClient | undefined): UseQueryResult<...>', gave the following error.
    Type 'InterviewBasic[]' is not assignable to type '{ id: string; candidateId: string; candidateName: string; jobPostingId: string; jobPostingTitle: string; round: number; type: string; method: string; scheduledDate: string; scheduledTime: string; ... 19 more ...; feedbacks: { ...; }[]; }[]'.
      Property 'feedbacks' is missing in type 'InterviewBasic' but required in type '{ id: string; candidateId: string; candidateName: string; jobPostingId: string; jobPostingTitle: string; round: number; type: string; method: string; scheduledDate: string; scheduledTime: string; ... 19 more ...; feedbacks: { ...; }[]; }'.
  Overload 3 of 3, '(options: UseQueryOptions<{ items: { id: string; candidateId: string; candidateName: string; jobPostingId: string; jobPostingTitle: string; round: number; type: string; method: string; scheduledDate: string; scheduledTime: string; ... 19 more ...; feedbacks: { ...; }[]; }[]; total: number; page: number; limit: number; totalPages: number; }, Error, { ...; }, string[]>, queryClient?: QueryClient | undefined): UseQueryResult<...>', gave the following error.
    Type 'InterviewBasic[]' is not assignable to type '{ id: string; candidateId: string; candidateName: string; jobPostingId: string; jobPostingTitle: string; round: number; type: string; method: string; scheduledDate: string; scheduledTime: string; ... 19 more ...; feedbacks: { ...; }[]; }[]'.
      Property 'feedbacks' is missing in type 'InterviewBasic' but required in type '{ id: string; candidateId: string; candidateName: string; jobPostingId: string; jobPostingTitle: string; round: number; type: string; method: string; scheduledDate: string; scheduledTime: string; ... 19 more ...; feedbacks: { ...; }[]; }'.
src/components/assets/asset-form-dialog.tsx(81,9): error TS2719: Type 'import("E:/digital_hrm/node_modules/.pnpm/react-hook-form@7.71.2_react@19.2.3/node_modules/react-hook-form/dist/types/resolvers").Resolver<{ name: string; code: string; category: "LAPTOP" | "PHONE" | "MONITOR" | "DESK" | "CHAIR" | "CARD" | "OTHER"; brand?: string | undefined; model?: string | undefined; serialNumber...' is not assignable to type 'import("E:/digital_hrm/node_modules/.pnpm/react-hook-form@7.71.2_react@19.2.3/node_modules/react-hook-form/dist/types/resolvers").Resolver<{ name: string; code: string; category: "LAPTOP" | "PHONE" | "MONITOR" | "DESK" | "CHAIR" | "CARD" | "OTHER"; brand?: string | undefined; model?: string | undefined; serialNumber...'. Two different types with this name exist, but they are unrelated.
  Types of parameters 'options' and 'options' are incompatible.
    Type 'import("E:/digital_hrm/node_modules/.pnpm/react-hook-form@7.71.2_react@19.2.3/node_modules/react-hook-form/dist/types/resolvers").ResolverOptions<{ name: string; code: string; category: "LAPTOP" | "PHONE" | "MONITOR" | "DESK" | "CHAIR" | "CARD" | "OTHER"; brand?: string | undefined; model?: string | undefined; seria...' is not assignable to type 'import("E:/digital_hrm/node_modules/.pnpm/react-hook-form@7.71.2_react@19.2.3/node_modules/react-hook-form/dist/types/resolvers").ResolverOptions<{ name: string; code: string; category: "LAPTOP" | "PHONE" | "MONITOR" | "DESK" | "CHAIR" | "CARD" | "OTHER"; brand?: string | undefined; model?: string | undefined; seria...'. Two different types with this name exist, but they are unrelated.
      Type 'unknown' is not assignable to type 'number | undefined'.
src/components/assets/asset-form-dialog.tsx(133,46): error TS2345: Argument of type '{ purchaseDate: string | undefined; warrantyEnd: string | undefined; name: string; code: string; category: "LAPTOP" | "PHONE" | "MONITOR" | "DESK" | "CHAIR" | "CARD" | "OTHER"; brand?: string | undefined; ... 4 more ...; description?: string | undefined; }' is not assignable to parameter of type 'Partial<{ name: string; code: string; category: "LAPTOP" | "PHONE" | "MONITOR" | "DESK" | "CHAIR" | "CARD" | "OTHER"; brand?: string | undefined; model?: string | undefined; serialNumber?: string | undefined; ... 5 more ...; status?: "AVAILABLE" | ... 3 more ... | undefined; }>'.
  Types of property 'purchaseDate' are incompatible.
    Type 'string | undefined' is not assignable to type 'Date | undefined'.
      Type 'string' is not assignable to type 'Date'.
src/components/assets/asset-form-dialog.tsx(135,32): error TS2345: Argument of type '{ purchaseDate: string | undefined; warrantyEnd: string | undefined; name: string; code: string; category: "LAPTOP" | "PHONE" | "MONITOR" | "DESK" | "CHAIR" | "CARD" | "OTHER"; brand?: string | undefined; ... 4 more ...; description?: string | undefined; }' is not assignable to parameter of type '{ name: string; code: string; category: "LAPTOP" | "PHONE" | "MONITOR" | "DESK" | "CHAIR" | "CARD" | "OTHER"; brand?: string | undefined; model?: string | undefined; serialNumber?: string | undefined; ... 5 more ...; status?: "AVAILABLE" | ... 3 more ... | undefined; }'.
  Types of property 'purchaseDate' are incompatible.
    Type 'string | undefined' is not assignable to type 'Date | undefined'.
      Type 'string' is not assignable to type 'Date'.
src/components/assets/asset-form-dialog.tsx(165,45): error TS2345: Argument of type 'TFieldValues' is not assignable to parameter of type '{ name: string; code: string; category: "LAPTOP" | "PHONE" | "MONITOR" | "DESK" | "CHAIR" | "CARD" | "OTHER"; brand?: string | undefined; model?: string | undefined; serialNumber?: string | undefined; ... 4 more ...; description?: string | undefined; }'.
  Type 'FieldValues' is missing the following properties from type '{ name: string; code: string; category: "LAPTOP" | "PHONE" | "MONITOR" | "DESK" | "CHAIR" | "CARD" | "OTHER"; brand?: string | undefined; model?: string | undefined; serialNumber?: string | undefined; ... 4 more ...; description?: string | undefined; }': name, code, category
src/components/assets/asset-form-dialog.tsx(171,33): error TS2322: Type 'Control<{ name: string; code: string; category: "LAPTOP" | "PHONE" | "MONITOR" | "DESK" | "CHAIR" | "CARD" | "OTHER"; brand?: string | undefined; model?: string | undefined; serialNumber?: string | undefined; ... 4 more ...; description?: string | undefined; }, any, TFieldValues>' is not assignable to type 'Control<{ name: string; code: string; category: "LAPTOP" | "PHONE" | "MONITOR" | "DESK" | "CHAIR" | "CARD" | "OTHER"; brand?: string | undefined; model?: string | undefined; serialNumber?: string | undefined; ... 4 more ...; description?: string | undefined; }, any, { ...; }>'.
  The types of '_options.resolver' are incompatible between these types.
    Type 'Resolver<{ name: string; code: string; category: "LAPTOP" | "PHONE" | "MONITOR" | "DESK" | "CHAIR" | "CARD" | "OTHER"; brand?: string | undefined; model?: string | undefined; serialNumber?: string | undefined; ... 4 more ...; description?: string | undefined; }, any, TFieldValues> | undefined' is not assignable to type 'Resolver<{ name: string; code: string; category: "LAPTOP" | "PHONE" | "MONITOR" | "DESK" | "CHAIR" | "CARD" | "OTHER"; brand?: string | undefined; model?: string | undefined; serialNumber?: string | undefined; ... 4 more ...; description?: string | undefined; }, any, { ...; }> | undefined'.
      Type 'Resolver<{ name: string; code: string; category: "LAPTOP" | "PHONE" | "MONITOR" | "DESK" | "CHAIR" | "CARD" | "OTHER"; brand?: string | undefined; model?: string | undefined; serialNumber?: string | undefined; ... 4 more ...; description?: string | undefined; }, any, TFieldValues>' is not assignable to type 'Resolver<{ name: string; code: string; category: "LAPTOP" | "PHONE" | "MONITOR" | "DESK" | "CHAIR" | "CARD" | "OTHER"; brand?: string | undefined; model?: string | undefined; serialNumber?: string | undefined; ... 4 more ...; description?: string | undefined; }, any, { ...; }>'.
        Type 'ResolverResult<{ name: string; code: string; category: "LAPTOP" | "PHONE" | "MONITOR" | "DESK" | "CHAIR" | "CARD" | "OTHER"; brand?: string | undefined; model?: string | undefined; serialNumber?: string | undefined; ... 4 more ...; description?: string | undefined; }, TFieldValues> | Promise<...>' is not assignable to type 'ResolverResult<{ name: string; code: string; category: "LAPTOP" | "PHONE" | "MONITOR" | "DESK" | "CHAIR" | "CARD" | "OTHER"; brand?: string | undefined; model?: string | undefined; serialNumber?: string | undefined; ... 4 more ...; description?: string | undefined; }, { ...; }> | Promise<...>'.
          Type 'ResolverSuccess<TFieldValues>' is not assignable to type 'ResolverResult<{ name: string; code: string; category: "LAPTOP" | "PHONE" | "MONITOR" | "DESK" | "CHAIR" | "CARD" | "OTHER"; brand?: string | undefined; model?: string | undefined; serialNumber?: string | undefined; ... 4 more ...; description?: string | undefined; }, { ...; }> | Promise<...>'.
            Type 'ResolverSuccess<TFieldValues>' is not assignable to type 'ResolverSuccess<{ name: string; code: string; category: "LAPTOP" | "PHONE" | "MONITOR" | "DESK" | "CHAIR" | "CARD" | "OTHER"; brand?: string | undefined; model?: string | undefined; serialNumber?: string | undefined; ... 4 more ...; description?: string | undefined; }>'.
              Type 'TFieldValues' is not assignable to type '{ name: string; code: string; category: "LAPTOP" | "PHONE" | "MONITOR" | "DESK" | "CHAIR" | "CARD" | "OTHER"; brand?: string | undefined; model?: string | undefined; serialNumber?: string | undefined; ... 4 more ...; description?: string | undefined; }'.
                Type 'FieldValues' is missing the following properties from type '{ name: string; code: string; category: "LAPTOP" | "PHONE" | "MONITOR" | "DESK" | "CHAIR" | "CARD" | "OTHER"; brand?: string | undefined; model?: string | undefined; serialNumber?: string | undefined; ... 4 more ...; description?: string | undefined; }': name, code, category
src/components/assets/asset-form-dialog.tsx(188,33): error TS2322: Type 'Control<{ name: string; code: string; category: "LAPTOP" | "PHONE" | "MONITOR" | "DESK" | "CHAIR" | "CARD" | "OTHER"; brand?: string | undefined; model?: string | undefined; serialNumber?: string | undefined; ... 4 more ...; description?: string | undefined; }, any, TFieldValues>' is not assignable to type 'Control<{ name: string; code: string; category: "LAPTOP" | "PHONE" | "MONITOR" | "DESK" | "CHAIR" | "CARD" | "OTHER"; brand?: string | undefined; model?: string | undefined; serialNumber?: string | undefined; ... 4 more ...; description?: string | undefined; }, any, { ...; }>'.
  The types of '_options.resolver' are incompatible between these types.
    Type 'Resolver<{ name: string; code: string; category: "LAPTOP" | "PHONE" | "MONITOR" | "DESK" | "CHAIR" | "CARD" | "OTHER"; brand?: string | undefined; model?: string | undefined; serialNumber?: string | undefined; ... 4 more ...; description?: string | undefined; }, any, TFieldValues> | undefined' is not assignable to type 'Resolver<{ name: string; code: string; category: "LAPTOP" | "PHONE" | "MONITOR" | "DESK" | "CHAIR" | "CARD" | "OTHER"; brand?: string | undefined; model?: string | undefined; serialNumber?: string | undefined; ... 4 more ...; description?: string | undefined; }, any, { ...; }> | undefined'.
      Type 'Resolver<{ name: string; code: string; category: "LAPTOP" | "PHONE" | "MONITOR" | "DESK" | "CHAIR" | "CARD" | "OTHER"; brand?: string | undefined; model?: string | undefined; serialNumber?: string | undefined; ... 4 more ...; description?: string | undefined; }, any, TFieldValues>' is not assignable to type 'Resolver<{ name: string; code: string; category: "LAPTOP" | "PHONE" | "MONITOR" | "DESK" | "CHAIR" | "CARD" | "OTHER"; brand?: string | undefined; model?: string | undefined; serialNumber?: string | undefined; ... 4 more ...; description?: string | undefined; }, any, { ...; }>'.
        Type 'ResolverResult<{ name: string; code: string; category: "LAPTOP" | "PHONE" | "MONITOR" | "DESK" | "CHAIR" | "CARD" | "OTHER"; brand?: string | undefined; model?: string | undefined; serialNumber?: string | undefined; ... 4 more ...; description?: string | undefined; }, TFieldValues> | Promise<...>' is not assignable to type 'ResolverResult<{ name: string; code: string; category: "LAPTOP" | "PHONE" | "MONITOR" | "DESK" | "CHAIR" | "CARD" | "OTHER"; brand?: string | undefined; model?: string | undefined; serialNumber?: string | undefined; ... 4 more ...; description?: string | undefined; }, { ...; }> | Promise<...>'.
          Type 'ResolverSuccess<TFieldValues>' is not assignable to type 'ResolverResult<{ name: string; code: string; category: "LAPTOP" | "PHONE" | "MONITOR" | "DESK" | "CHAIR" | "CARD" | "OTHER"; brand?: string | undefined; model?: string | undefined; serialNumber?: string | undefined; ... 4 more ...; description?: string | undefined; }, { ...; }> | Promise<...>'.
            Type 'ResolverSuccess<TFieldValues>' is not assignable to type 'ResolverSuccess<{ name: string; code: string; category: "LAPTOP" | "PHONE" | "MONITOR" | "DESK" | "CHAIR" | "CARD" | "OTHER"; brand?: string | undefined; model?: string | undefined; serialNumber?: string | undefined; ... 4 more ...; description?: string | undefined; }>'.
              Type 'TFieldValues' is not assignable to type '{ name: string; code: string; category: "LAPTOP" | "PHONE" | "MONITOR" | "DESK" | "CHAIR" | "CARD" | "OTHER"; brand?: string | undefined; model?: string | undefined; serialNumber?: string | undefined; ... 4 more ...; description?: string | undefined; }'.
                Type 'FieldValues' is missing the following properties from type '{ name: string; code: string; category: "LAPTOP" | "PHONE" | "MONITOR" | "DESK" | "CHAIR" | "CARD" | "OTHER"; brand?: string | undefined; model?: string | undefined; serialNumber?: string | undefined; ... 4 more ...; description?: string | undefined; }': name, code, category
src/components/assets/asset-form-dialog.tsx(204,33): error TS2322: Type 'Control<{ name: string; code: string; category: "LAPTOP" | "PHONE" | "MONITOR" | "DESK" | "CHAIR" | "CARD" | "OTHER"; brand?: string | undefined; model?: string | undefined; serialNumber?: string | undefined; ... 4 more ...; description?: string | undefined; }, any, TFieldValues>' is not assignable to type 'Control<{ name: string; code: string; category: "LAPTOP" | "PHONE" | "MONITOR" | "DESK" | "CHAIR" | "CARD" | "OTHER"; brand?: string | undefined; model?: string | undefined; serialNumber?: string | undefined; ... 4 more ...; description?: string | undefined; }, any, { ...; }>'.
  The types of '_options.resolver' are incompatible between these types.
    Type 'Resolver<{ name: string; code: string; category: "LAPTOP" | "PHONE" | "MONITOR" | "DESK" | "CHAIR" | "CARD" | "OTHER"; brand?: string | undefined; model?: string | undefined; serialNumber?: string | undefined; ... 4 more ...; description?: string | undefined; }, any, TFieldValues> | undefined' is not assignable to type 'Resolver<{ name: string; code: string; category: "LAPTOP" | "PHONE" | "MONITOR" | "DESK" | "CHAIR" | "CARD" | "OTHER"; brand?: string | undefined; model?: string | undefined; serialNumber?: string | undefined; ... 4 more ...; description?: string | undefined; }, any, { ...; }> | undefined'.
      Type 'Resolver<{ name: string; code: string; category: "LAPTOP" | "PHONE" | "MONITOR" | "DESK" | "CHAIR" | "CARD" | "OTHER"; brand?: string | undefined; model?: string | undefined; serialNumber?: string | undefined; ... 4 more ...; description?: string | undefined; }, any, TFieldValues>' is not assignable to type 'Resolver<{ name: string; code: string; category: "LAPTOP" | "PHONE" | "MONITOR" | "DESK" | "CHAIR" | "CARD" | "OTHER"; brand?: string | undefined; model?: string | undefined; serialNumber?: string | undefined; ... 4 more ...; description?: string | undefined; }, any, { ...; }>'.
        Type 'ResolverResult<{ name: string; code: string; category: "LAPTOP" | "PHONE" | "MONITOR" | "DESK" | "CHAIR" | "CARD" | "OTHER"; brand?: string | undefined; model?: string | undefined; serialNumber?: string | undefined; ... 4 more ...; description?: string | undefined; }, TFieldValues> | Promise<...>' is not assignable to type 'ResolverResult<{ name: string; code: string; category: "LAPTOP" | "PHONE" | "MONITOR" | "DESK" | "CHAIR" | "CARD" | "OTHER"; brand?: string | undefined; model?: string | undefined; serialNumber?: string | undefined; ... 4 more ...; description?: string | undefined; }, { ...; }> | Promise<...>'.
          Type 'ResolverSuccess<TFieldValues>' is not assignable to type 'ResolverResult<{ name: string; code: string; category: "LAPTOP" | "PHONE" | "MONITOR" | "DESK" | "CHAIR" | "CARD" | "OTHER"; brand?: string | undefined; model?: string | undefined; serialNumber?: string | undefined; ... 4 more ...; description?: string | undefined; }, { ...; }> | Promise<...>'.
            Type 'ResolverSuccess<TFieldValues>' is not assignable to type 'ResolverSuccess<{ name: string; code: string; category: "LAPTOP" | "PHONE" | "MONITOR" | "DESK" | "CHAIR" | "CARD" | "OTHER"; brand?: string | undefined; model?: string | undefined; serialNumber?: string | undefined; ... 4 more ...; description?: string | undefined; }>'.
              Type 'TFieldValues' is not assignable to type '{ name: string; code: string; category: "LAPTOP" | "PHONE" | "MONITOR" | "DESK" | "CHAIR" | "CARD" | "OTHER"; brand?: string | undefined; model?: string | undefined; serialNumber?: string | undefined; ... 4 more ...; description?: string | undefined; }'.
                Type 'FieldValues' is missing the following properties from type '{ name: string; code: string; category: "LAPTOP" | "PHONE" | "MONITOR" | "DESK" | "CHAIR" | "CARD" | "OTHER"; brand?: string | undefined; model?: string | undefined; serialNumber?: string | undefined; ... 4 more ...; description?: string | undefined; }': name, code, category
src/components/assets/asset-form-dialog.tsx(236,33): error TS2322: Type 'Control<{ name: string; code: string; category: "LAPTOP" | "PHONE" | "MONITOR" | "DESK" | "CHAIR" | "CARD" | "OTHER"; brand?: string | undefined; model?: string | undefined; serialNumber?: string | undefined; ... 4 more ...; description?: string | undefined; }, any, TFieldValues>' is not assignable to type 'Control<{ name: string; code: string; category: "LAPTOP" | "PHONE" | "MONITOR" | "DESK" | "CHAIR" | "CARD" | "OTHER"; brand?: string | undefined; model?: string | undefined; serialNumber?: string | undefined; ... 4 more ...; description?: string | undefined; }, any, { ...; }>'.
  The types of '_options.resolver' are incompatible between these types.
    Type 'Resolver<{ name: string; code: string; category: "LAPTOP" | "PHONE" | "MONITOR" | "DESK" | "CHAIR" | "CARD" | "OTHER"; brand?: string | undefined; model?: string | undefined; serialNumber?: string | undefined; ... 4 more ...; description?: string | undefined; }, any, TFieldValues> | undefined' is not assignable to type 'Resolver<{ name: string; code: string; category: "LAPTOP" | "PHONE" | "MONITOR" | "DESK" | "CHAIR" | "CARD" | "OTHER"; brand?: string | undefined; model?: string | undefined; serialNumber?: string | undefined; ... 4 more ...; description?: string | undefined; }, any, { ...; }> | undefined'.
      Type 'Resolver<{ name: string; code: string; category: "LAPTOP" | "PHONE" | "MONITOR" | "DESK" | "CHAIR" | "CARD" | "OTHER"; brand?: string | undefined; model?: string | undefined; serialNumber?: string | undefined; ... 4 more ...; description?: string | undefined; }, any, TFieldValues>' is not assignable to type 'Resolver<{ name: string; code: string; category: "LAPTOP" | "PHONE" | "MONITOR" | "DESK" | "CHAIR" | "CARD" | "OTHER"; brand?: string | undefined; model?: string | undefined; serialNumber?: string | undefined; ... 4 more ...; description?: string | undefined; }, any, { ...; }>'.
        Type 'ResolverResult<{ name: string; code: string; category: "LAPTOP" | "PHONE" | "MONITOR" | "DESK" | "CHAIR" | "CARD" | "OTHER"; brand?: string | undefined; model?: string | undefined; serialNumber?: string | undefined; ... 4 more ...; description?: string | undefined; }, TFieldValues> | Promise<...>' is not assignable to type 'ResolverResult<{ name: string; code: string; category: "LAPTOP" | "PHONE" | "MONITOR" | "DESK" | "CHAIR" | "CARD" | "OTHER"; brand?: string | undefined; model?: string | undefined; serialNumber?: string | undefined; ... 4 more ...; description?: string | undefined; }, { ...; }> | Promise<...>'.
          Type 'ResolverSuccess<TFieldValues>' is not assignable to type 'ResolverResult<{ name: string; code: string; category: "LAPTOP" | "PHONE" | "MONITOR" | "DESK" | "CHAIR" | "CARD" | "OTHER"; brand?: string | undefined; model?: string | undefined; serialNumber?: string | undefined; ... 4 more ...; description?: string | undefined; }, { ...; }> | Promise<...>'.
            Type 'ResolverSuccess<TFieldValues>' is not assignable to type 'ResolverSuccess<{ name: string; code: string; category: "LAPTOP" | "PHONE" | "MONITOR" | "DESK" | "CHAIR" | "CARD" | "OTHER"; brand?: string | undefined; model?: string | undefined; serialNumber?: string | undefined; ... 4 more ...; description?: string | undefined; }>'.
              Type 'TFieldValues' is not assignable to type '{ name: string; code: string; category: "LAPTOP" | "PHONE" | "MONITOR" | "DESK" | "CHAIR" | "CARD" | "OTHER"; brand?: string | undefined; model?: string | undefined; serialNumber?: string | undefined; ... 4 more ...; description?: string | undefined; }'.
                Type 'FieldValues' is missing the following properties from type '{ name: string; code: string; category: "LAPTOP" | "PHONE" | "MONITOR" | "DESK" | "CHAIR" | "CARD" | "OTHER"; brand?: string | undefined; model?: string | undefined; serialNumber?: string | undefined; ... 4 more ...; description?: string | undefined; }': name, code, category
src/components/assets/asset-form-dialog.tsx(252,33): error TS2322: Type 'Control<{ name: string; code: string; category: "LAPTOP" | "PHONE" | "MONITOR" | "DESK" | "CHAIR" | "CARD" | "OTHER"; brand?: string | undefined; model?: string | undefined; serialNumber?: string | undefined; ... 4 more ...; description?: string | undefined; }, any, TFieldValues>' is not assignable to type 'Control<{ name: string; code: string; category: "LAPTOP" | "PHONE" | "MONITOR" | "DESK" | "CHAIR" | "CARD" | "OTHER"; brand?: string | undefined; model?: string | undefined; serialNumber?: string | undefined; ... 4 more ...; description?: string | undefined; }, any, { ...; }>'.
  The types of '_options.resolver' are incompatible between these types.
    Type 'Resolver<{ name: string; code: string; category: "LAPTOP" | "PHONE" | "MONITOR" | "DESK" | "CHAIR" | "CARD" | "OTHER"; brand?: string | undefined; model?: string | undefined; serialNumber?: string | undefined; ... 4 more ...; description?: string | undefined; }, any, TFieldValues> | undefined' is not assignable to type 'Resolver<{ name: string; code: string; category: "LAPTOP" | "PHONE" | "MONITOR" | "DESK" | "CHAIR" | "CARD" | "OTHER"; brand?: string | undefined; model?: string | undefined; serialNumber?: string | undefined; ... 4 more ...; description?: string | undefined; }, any, { ...; }> | undefined'.
      Type 'Resolver<{ name: string; code: string; category: "LAPTOP" | "PHONE" | "MONITOR" | "DESK" | "CHAIR" | "CARD" | "OTHER"; brand?: string | undefined; model?: string | undefined; serialNumber?: string | undefined; ... 4 more ...; description?: string | undefined; }, any, TFieldValues>' is not assignable to type 'Resolver<{ name: string; code: string; category: "LAPTOP" | "PHONE" | "MONITOR" | "DESK" | "CHAIR" | "CARD" | "OTHER"; brand?: string | undefined; model?: string | undefined; serialNumber?: string | undefined; ... 4 more ...; description?: string | undefined; }, any, { ...; }>'.
        Type 'ResolverResult<{ name: string; code: string; category: "LAPTOP" | "PHONE" | "MONITOR" | "DESK" | "CHAIR" | "CARD" | "OTHER"; brand?: string | undefined; model?: string | undefined; serialNumber?: string | undefined; ... 4 more ...; description?: string | undefined; }, TFieldValues> | Promise<...>' is not assignable to type 'ResolverResult<{ name: string; code: string; category: "LAPTOP" | "PHONE" | "MONITOR" | "DESK" | "CHAIR" | "CARD" | "OTHER"; brand?: string | undefined; model?: string | undefined; serialNumber?: string | undefined; ... 4 more ...; description?: string | undefined; }, { ...; }> | Promise<...>'.
          Type 'ResolverSuccess<TFieldValues>' is not assignable to type 'ResolverResult<{ name: string; code: string; category: "LAPTOP" | "PHONE" | "MONITOR" | "DESK" | "CHAIR" | "CARD" | "OTHER"; brand?: string | undefined; model?: string | undefined; serialNumber?: string | undefined; ... 4 more ...; description?: string | undefined; }, { ...; }> | Promise<...>'.
            Type 'ResolverSuccess<TFieldValues>' is not assignable to type 'ResolverSuccess<{ name: string; code: string; category: "LAPTOP" | "PHONE" | "MONITOR" | "DESK" | "CHAIR" | "CARD" | "OTHER"; brand?: string | undefined; model?: string | undefined; serialNumber?: string | undefined; ... 4 more ...; description?: string | undefined; }>'.
              Type 'TFieldValues' is not assignable to type '{ name: string; code: string; category: "LAPTOP" | "PHONE" | "MONITOR" | "DESK" | "CHAIR" | "CARD" | "OTHER"; brand?: string | undefined; model?: string | undefined; serialNumber?: string | undefined; ... 4 more ...; description?: string | undefined; }'.
                Type 'FieldValues' is missing the following properties from type '{ name: string; code: string; category: "LAPTOP" | "PHONE" | "MONITOR" | "DESK" | "CHAIR" | "CARD" | "OTHER"; brand?: string | undefined; model?: string | undefined; serialNumber?: string | undefined; ... 4 more ...; description?: string | undefined; }': name, code, category
src/components/assets/asset-form-dialog.tsx(268,33): error TS2322: Type 'Control<{ name: string; code: string; category: "LAPTOP" | "PHONE" | "MONITOR" | "DESK" | "CHAIR" | "CARD" | "OTHER"; brand?: string | undefined; model?: string | undefined; serialNumber?: string | undefined; ... 4 more ...; description?: string | undefined; }, any, TFieldValues>' is not assignable to type 'Control<{ name: string; code: string; category: "LAPTOP" | "PHONE" | "MONITOR" | "DESK" | "CHAIR" | "CARD" | "OTHER"; brand?: string | undefined; model?: string | undefined; serialNumber?: string | undefined; ... 4 more ...; description?: string | undefined; }, any, { ...; }>'.
  The types of '_options.resolver' are incompatible between these types.
    Type 'Resolver<{ name: string; code: string; category: "LAPTOP" | "PHONE" | "MONITOR" | "DESK" | "CHAIR" | "CARD" | "OTHER"; brand?: string | undefined; model?: string | undefined; serialNumber?: string | undefined; ... 4 more ...; description?: string | undefined; }, any, TFieldValues> | undefined' is not assignable to type 'Resolver<{ name: string; code: string; category: "LAPTOP" | "PHONE" | "MONITOR" | "DESK" | "CHAIR" | "CARD" | "OTHER"; brand?: string | undefined; model?: string | undefined; serialNumber?: string | undefined; ... 4 more ...; description?: string | undefined; }, any, { ...; }> | undefined'.
      Type 'Resolver<{ name: string; code: string; category: "LAPTOP" | "PHONE" | "MONITOR" | "DESK" | "CHAIR" | "CARD" | "OTHER"; brand?: string | undefined; model?: string | undefined; serialNumber?: string | undefined; ... 4 more ...; description?: string | undefined; }, any, TFieldValues>' is not assignable to type 'Resolver<{ name: string; code: string; category: "LAPTOP" | "PHONE" | "MONITOR" | "DESK" | "CHAIR" | "CARD" | "OTHER"; brand?: string | undefined; model?: string | undefined; serialNumber?: string | undefined; ... 4 more ...; description?: string | undefined; }, any, { ...; }>'.
        Type 'ResolverResult<{ name: string; code: string; category: "LAPTOP" | "PHONE" | "MONITOR" | "DESK" | "CHAIR" | "CARD" | "OTHER"; brand?: string | undefined; model?: string | undefined; serialNumber?: string | undefined; ... 4 more ...; description?: string | undefined; }, TFieldValues> | Promise<...>' is not assignable to type 'ResolverResult<{ name: string; code: string; category: "LAPTOP" | "PHONE" | "MONITOR" | "DESK" | "CHAIR" | "CARD" | "OTHER"; brand?: string | undefined; model?: string | undefined; serialNumber?: string | undefined; ... 4 more ...; description?: string | undefined; }, { ...; }> | Promise<...>'.
          Type 'ResolverSuccess<TFieldValues>' is not assignable to type 'ResolverResult<{ name: string; code: string; category: "LAPTOP" | "PHONE" | "MONITOR" | "DESK" | "CHAIR" | "CARD" | "OTHER"; brand?: string | undefined; model?: string | undefined; serialNumber?: string | undefined; ... 4 more ...; description?: string | undefined; }, { ...; }> | Promise<...>'.
            Type 'ResolverSuccess<TFieldValues>' is not assignable to type 'ResolverSuccess<{ name: string; code: string; category: "LAPTOP" | "PHONE" | "MONITOR" | "DESK" | "CHAIR" | "CARD" | "OTHER"; brand?: string | undefined; model?: string | undefined; serialNumber?: string | undefined; ... 4 more ...; description?: string | undefined; }>'.
              Type 'TFieldValues' is not assignable to type '{ name: string; code: string; category: "LAPTOP" | "PHONE" | "MONITOR" | "DESK" | "CHAIR" | "CARD" | "OTHER"; brand?: string | undefined; model?: string | undefined; serialNumber?: string | undefined; ... 4 more ...; description?: string | undefined; }'.
                Type 'FieldValues' is missing the following properties from type '{ name: string; code: string; category: "LAPTOP" | "PHONE" | "MONITOR" | "DESK" | "CHAIR" | "CARD" | "OTHER"; brand?: string | undefined; model?: string | undefined; serialNumber?: string | undefined; ... 4 more ...; description?: string | undefined; }': name, code, category
src/components/assets/asset-form-dialog.tsx(284,33): error TS2322: Type 'Control<{ name: string; code: string; category: "LAPTOP" | "PHONE" | "MONITOR" | "DESK" | "CHAIR" | "CARD" | "OTHER"; brand?: string | undefined; model?: string | undefined; serialNumber?: string | undefined; ... 4 more ...; description?: string | undefined; }, any, TFieldValues>' is not assignable to type 'Control<{ name: string; code: string; category: "LAPTOP" | "PHONE" | "MONITOR" | "DESK" | "CHAIR" | "CARD" | "OTHER"; brand?: string | undefined; model?: string | undefined; serialNumber?: string | undefined; ... 4 more ...; description?: string | undefined; }, any, { ...; }>'.
  The types of '_options.resolver' are incompatible between these types.
    Type 'Resolver<{ name: string; code: string; category: "LAPTOP" | "PHONE" | "MONITOR" | "DESK" | "CHAIR" | "CARD" | "OTHER"; brand?: string | undefined; model?: string | undefined; serialNumber?: string | undefined; ... 4 more ...; description?: string | undefined; }, any, TFieldValues> | undefined' is not assignable to type 'Resolver<{ name: string; code: string; category: "LAPTOP" | "PHONE" | "MONITOR" | "DESK" | "CHAIR" | "CARD" | "OTHER"; brand?: string | undefined; model?: string | undefined; serialNumber?: string | undefined; ... 4 more ...; description?: string | undefined; }, any, { ...; }> | undefined'.
      Type 'Resolver<{ name: string; code: string; category: "LAPTOP" | "PHONE" | "MONITOR" | "DESK" | "CHAIR" | "CARD" | "OTHER"; brand?: string | undefined; model?: string | undefined; serialNumber?: string | undefined; ... 4 more ...; description?: string | undefined; }, any, TFieldValues>' is not assignable to type 'Resolver<{ name: string; code: string; category: "LAPTOP" | "PHONE" | "MONITOR" | "DESK" | "CHAIR" | "CARD" | "OTHER"; brand?: string | undefined; model?: string | undefined; serialNumber?: string | undefined; ... 4 more ...; description?: string | undefined; }, any, { ...; }>'.
        Type 'ResolverResult<{ name: string; code: string; category: "LAPTOP" | "PHONE" | "MONITOR" | "DESK" | "CHAIR" | "CARD" | "OTHER"; brand?: string | undefined; model?: string | undefined; serialNumber?: string | undefined; ... 4 more ...; description?: string | undefined; }, TFieldValues> | Promise<...>' is not assignable to type 'ResolverResult<{ name: string; code: string; category: "LAPTOP" | "PHONE" | "MONITOR" | "DESK" | "CHAIR" | "CARD" | "OTHER"; brand?: string | undefined; model?: string | undefined; serialNumber?: string | undefined; ... 4 more ...; description?: string | undefined; }, { ...; }> | Promise<...>'.
          Type 'ResolverSuccess<TFieldValues>' is not assignable to type 'ResolverResult<{ name: string; code: string; category: "LAPTOP" | "PHONE" | "MONITOR" | "DESK" | "CHAIR" | "CARD" | "OTHER"; brand?: string | undefined; model?: string | undefined; serialNumber?: string | undefined; ... 4 more ...; description?: string | undefined; }, { ...; }> | Promise<...>'.
            Type 'ResolverSuccess<TFieldValues>' is not assignable to type 'ResolverSuccess<{ name: string; code: string; category: "LAPTOP" | "PHONE" | "MONITOR" | "DESK" | "CHAIR" | "CARD" | "OTHER"; brand?: string | undefined; model?: string | undefined; serialNumber?: string | undefined; ... 4 more ...; description?: string | undefined; }>'.
              Type 'TFieldValues' is not assignable to type '{ name: string; code: string; category: "LAPTOP" | "PHONE" | "MONITOR" | "DESK" | "CHAIR" | "CARD" | "OTHER"; brand?: string | undefined; model?: string | undefined; serialNumber?: string | undefined; ... 4 more ...; description?: string | undefined; }'.
                Type 'FieldValues' is missing the following properties from type '{ name: string; code: string; category: "LAPTOP" | "PHONE" | "MONITOR" | "DESK" | "CHAIR" | "CARD" | "OTHER"; brand?: string | undefined; model?: string | undefined; serialNumber?: string | undefined; ... 4 more ...; description?: string | undefined; }': name, code, category
src/components/assets/asset-form-dialog.tsx(297,33): error TS2322: Type 'Control<{ name: string; code: string; category: "LAPTOP" | "PHONE" | "MONITOR" | "DESK" | "CHAIR" | "CARD" | "OTHER"; brand?: string | undefined; model?: string | undefined; serialNumber?: string | undefined; ... 4 more ...; description?: string | undefined; }, any, TFieldValues>' is not assignable to type 'Control<{ name: string; code: string; category: "LAPTOP" | "PHONE" | "MONITOR" | "DESK" | "CHAIR" | "CARD" | "OTHER"; brand?: string | undefined; model?: string | undefined; serialNumber?: string | undefined; ... 4 more ...; description?: string | undefined; }, any, { ...; }>'.
  The types of '_options.resolver' are incompatible between these types.
    Type 'Resolver<{ name: string; code: string; category: "LAPTOP" | "PHONE" | "MONITOR" | "DESK" | "CHAIR" | "CARD" | "OTHER"; brand?: string | undefined; model?: string | undefined; serialNumber?: string | undefined; ... 4 more ...; description?: string | undefined; }, any, TFieldValues> | undefined' is not assignable to type 'Resolver<{ name: string; code: string; category: "LAPTOP" | "PHONE" | "MONITOR" | "DESK" | "CHAIR" | "CARD" | "OTHER"; brand?: string | undefined; model?: string | undefined; serialNumber?: string | undefined; ... 4 more ...; description?: string | undefined; }, any, { ...; }> | undefined'.
      Type 'Resolver<{ name: string; code: string; category: "LAPTOP" | "PHONE" | "MONITOR" | "DESK" | "CHAIR" | "CARD" | "OTHER"; brand?: string | undefined; model?: string | undefined; serialNumber?: string | undefined; ... 4 more ...; description?: string | undefined; }, any, TFieldValues>' is not assignable to type 'Resolver<{ name: string; code: string; category: "LAPTOP" | "PHONE" | "MONITOR" | "DESK" | "CHAIR" | "CARD" | "OTHER"; brand?: string | undefined; model?: string | undefined; serialNumber?: string | undefined; ... 4 more ...; description?: string | undefined; }, any, { ...; }>'.
        Type 'ResolverResult<{ name: string; code: string; category: "LAPTOP" | "PHONE" | "MONITOR" | "DESK" | "CHAIR" | "CARD" | "OTHER"; brand?: string | undefined; model?: string | undefined; serialNumber?: string | undefined; ... 4 more ...; description?: string | undefined; }, TFieldValues> | Promise<...>' is not assignable to type 'ResolverResult<{ name: string; code: string; category: "LAPTOP" | "PHONE" | "MONITOR" | "DESK" | "CHAIR" | "CARD" | "OTHER"; brand?: string | undefined; model?: string | undefined; serialNumber?: string | undefined; ... 4 more ...; description?: string | undefined; }, { ...; }> | Promise<...>'.
          Type 'ResolverSuccess<TFieldValues>' is not assignable to type 'ResolverResult<{ name: string; code: string; category: "LAPTOP" | "PHONE" | "MONITOR" | "DESK" | "CHAIR" | "CARD" | "OTHER"; brand?: string | undefined; model?: string | undefined; serialNumber?: string | undefined; ... 4 more ...; description?: string | undefined; }, { ...; }> | Promise<...>'.
            Type 'ResolverSuccess<TFieldValues>' is not assignable to type 'ResolverSuccess<{ name: string; code: string; category: "LAPTOP" | "PHONE" | "MONITOR" | "DESK" | "CHAIR" | "CARD" | "OTHER"; brand?: string | undefined; model?: string | undefined; serialNumber?: string | undefined; ... 4 more ...; description?: string | undefined; }>'.
              Type 'TFieldValues' is not assignable to type '{ name: string; code: string; category: "LAPTOP" | "PHONE" | "MONITOR" | "DESK" | "CHAIR" | "CARD" | "OTHER"; brand?: string | undefined; model?: string | undefined; serialNumber?: string | undefined; ... 4 more ...; description?: string | undefined; }'.
                Type 'FieldValues' is missing the following properties from type '{ name: string; code: string; category: "LAPTOP" | "PHONE" | "MONITOR" | "DESK" | "CHAIR" | "CARD" | "OTHER"; brand?: string | undefined; model?: string | undefined; serialNumber?: string | undefined; ... 4 more ...; description?: string | undefined; }': name, code, category
src/components/assets/asset-form-dialog.tsx(324,33): error TS2322: Type 'Control<{ name: string; code: string; category: "LAPTOP" | "PHONE" | "MONITOR" | "DESK" | "CHAIR" | "CARD" | "OTHER"; brand?: string | undefined; model?: string | undefined; serialNumber?: string | undefined; ... 4 more ...; description?: string | undefined; }, any, TFieldValues>' is not assignable to type 'Control<{ name: string; code: string; category: "LAPTOP" | "PHONE" | "MONITOR" | "DESK" | "CHAIR" | "CARD" | "OTHER"; brand?: string | undefined; model?: string | undefined; serialNumber?: string | undefined; ... 4 more ...; description?: string | undefined; }, any, { ...; }>'.
  The types of '_options.resolver' are incompatible between these types.
    Type 'Resolver<{ name: string; code: string; category: "LAPTOP" | "PHONE" | "MONITOR" | "DESK" | "CHAIR" | "CARD" | "OTHER"; brand?: string | undefined; model?: string | undefined; serialNumber?: string | undefined; ... 4 more ...; description?: string | undefined; }, any, TFieldValues> | undefined' is not assignable to type 'Resolver<{ name: string; code: string; category: "LAPTOP" | "PHONE" | "MONITOR" | "DESK" | "CHAIR" | "CARD" | "OTHER"; brand?: string | undefined; model?: string | undefined; serialNumber?: string | undefined; ... 4 more ...; description?: string | undefined; }, any, { ...; }> | undefined'.
      Type 'Resolver<{ name: string; code: string; category: "LAPTOP" | "PHONE" | "MONITOR" | "DESK" | "CHAIR" | "CARD" | "OTHER"; brand?: string | undefined; model?: string | undefined; serialNumber?: string | undefined; ... 4 more ...; description?: string | undefined; }, any, TFieldValues>' is not assignable to type 'Resolver<{ name: string; code: string; category: "LAPTOP" | "PHONE" | "MONITOR" | "DESK" | "CHAIR" | "CARD" | "OTHER"; brand?: string | undefined; model?: string | undefined; serialNumber?: string | undefined; ... 4 more ...; description?: string | undefined; }, any, { ...; }>'.
        Type 'ResolverResult<{ name: string; code: string; category: "LAPTOP" | "PHONE" | "MONITOR" | "DESK" | "CHAIR" | "CARD" | "OTHER"; brand?: string | undefined; model?: string | undefined; serialNumber?: string | undefined; ... 4 more ...; description?: string | undefined; }, TFieldValues> | Promise<...>' is not assignable to type 'ResolverResult<{ name: string; code: string; category: "LAPTOP" | "PHONE" | "MONITOR" | "DESK" | "CHAIR" | "CARD" | "OTHER"; brand?: string | undefined; model?: string | undefined; serialNumber?: string | undefined; ... 4 more ...; description?: string | undefined; }, { ...; }> | Promise<...>'.
          Type 'ResolverSuccess<TFieldValues>' is not assignable to type 'ResolverResult<{ name: string; code: string; category: "LAPTOP" | "PHONE" | "MONITOR" | "DESK" | "CHAIR" | "CARD" | "OTHER"; brand?: string | undefined; model?: string | undefined; serialNumber?: string | undefined; ... 4 more ...; description?: string | undefined; }, { ...; }> | Promise<...>'.
            Type 'ResolverSuccess<TFieldValues>' is not assignable to type 'ResolverSuccess<{ name: string; code: string; category: "LAPTOP" | "PHONE" | "MONITOR" | "DESK" | "CHAIR" | "CARD" | "OTHER"; brand?: string | undefined; model?: string | undefined; serialNumber?: string | undefined; ... 4 more ...; description?: string | undefined; }>'.
              Type 'TFieldValues' is not assignable to type '{ name: string; code: string; category: "LAPTOP" | "PHONE" | "MONITOR" | "DESK" | "CHAIR" | "CARD" | "OTHER"; brand?: string | undefined; model?: string | undefined; serialNumber?: string | undefined; ... 4 more ...; description?: string | undefined; }'.
                Type 'FieldValues' is missing the following properties from type '{ name: string; code: string; category: "LAPTOP" | "PHONE" | "MONITOR" | "DESK" | "CHAIR" | "CARD" | "OTHER"; brand?: string | undefined; model?: string | undefined; serialNumber?: string | undefined; ... 4 more ...; description?: string | undefined; }': name, code, category
src/components/assets/asset-form-dialog.tsx(339,33): error TS2322: Type 'Control<{ name: string; code: string; category: "LAPTOP" | "PHONE" | "MONITOR" | "DESK" | "CHAIR" | "CARD" | "OTHER"; brand?: string | undefined; model?: string | undefined; serialNumber?: string | undefined; ... 4 more ...; description?: string | undefined; }, any, TFieldValues>' is not assignable to type 'Control<{ name: string; code: string; category: "LAPTOP" | "PHONE" | "MONITOR" | "DESK" | "CHAIR" | "CARD" | "OTHER"; brand?: string | undefined; model?: string | undefined; serialNumber?: string | undefined; ... 4 more ...; description?: string | undefined; }, any, { ...; }>'.
  The types of '_options.resolver' are incompatible between these types.
    Type 'Resolver<{ name: string; code: string; category: "LAPTOP" | "PHONE" | "MONITOR" | "DESK" | "CHAIR" | "CARD" | "OTHER"; brand?: string | undefined; model?: string | undefined; serialNumber?: string | undefined; ... 4 more ...; description?: string | undefined; }, any, TFieldValues> | undefined' is not assignable to type 'Resolver<{ name: string; code: string; category: "LAPTOP" | "PHONE" | "MONITOR" | "DESK" | "CHAIR" | "CARD" | "OTHER"; brand?: string | undefined; model?: string | undefined; serialNumber?: string | undefined; ... 4 more ...; description?: string | undefined; }, any, { ...; }> | undefined'.
      Type 'Resolver<{ name: string; code: string; category: "LAPTOP" | "PHONE" | "MONITOR" | "DESK" | "CHAIR" | "CARD" | "OTHER"; brand?: string | undefined; model?: string | undefined; serialNumber?: string | undefined; ... 4 more ...; description?: string | undefined; }, any, TFieldValues>' is not assignable to type 'Resolver<{ name: string; code: string; category: "LAPTOP" | "PHONE" | "MONITOR" | "DESK" | "CHAIR" | "CARD" | "OTHER"; brand?: string | undefined; model?: string | undefined; serialNumber?: string | undefined; ... 4 more ...; description?: string | undefined; }, any, { ...; }>'.
        Type 'ResolverResult<{ name: string; code: string; category: "LAPTOP" | "PHONE" | "MONITOR" | "DESK" | "CHAIR" | "CARD" | "OTHER"; brand?: string | undefined; model?: string | undefined; serialNumber?: string | undefined; ... 4 more ...; description?: string | undefined; }, TFieldValues> | Promise<...>' is not assignable to type 'ResolverResult<{ name: string; code: string; category: "LAPTOP" | "PHONE" | "MONITOR" | "DESK" | "CHAIR" | "CARD" | "OTHER"; brand?: string | undefined; model?: string | undefined; serialNumber?: string | undefined; ... 4 more ...; description?: string | undefined; }, { ...; }> | Promise<...>'.
          Type 'ResolverSuccess<TFieldValues>' is not assignable to type 'ResolverResult<{ name: string; code: string; category: "LAPTOP" | "PHONE" | "MONITOR" | "DESK" | "CHAIR" | "CARD" | "OTHER"; brand?: string | undefined; model?: string | undefined; serialNumber?: string | undefined; ... 4 more ...; description?: string | undefined; }, { ...; }> | Promise<...>'.
            Type 'ResolverSuccess<TFieldValues>' is not assignable to type 'ResolverSuccess<{ name: string; code: string; category: "LAPTOP" | "PHONE" | "MONITOR" | "DESK" | "CHAIR" | "CARD" | "OTHER"; brand?: string | undefined; model?: string | undefined; serialNumber?: string | undefined; ... 4 more ...; description?: string | undefined; }>'.
              Type 'TFieldValues' is not assignable to type '{ name: string; code: string; category: "LAPTOP" | "PHONE" | "MONITOR" | "DESK" | "CHAIR" | "CARD" | "OTHER"; brand?: string | undefined; model?: string | undefined; serialNumber?: string | undefined; ... 4 more ...; description?: string | undefined; }'.
                Type 'FieldValues' is missing the following properties from type '{ name: string; code: string; category: "LAPTOP" | "PHONE" | "MONITOR" | "DESK" | "CHAIR" | "CARD" | "OTHER"; brand?: string | undefined; model?: string | undefined; serialNumber?: string | undefined; ... 4 more ...; description?: string | undefined; }': name, code, category
src/components/assets/asset-form-dialog.tsx(356,29): error TS2322: Type 'Control<{ name: string; code: string; category: "LAPTOP" | "PHONE" | "MONITOR" | "DESK" | "CHAIR" | "CARD" | "OTHER"; brand?: string | undefined; model?: string | undefined; serialNumber?: string | undefined; ... 4 more ...; description?: string | undefined; }, any, TFieldValues>' is not assignable to type 'Control<{ name: string; code: string; category: "LAPTOP" | "PHONE" | "MONITOR" | "DESK" | "CHAIR" | "CARD" | "OTHER"; brand?: string | undefined; model?: string | undefined; serialNumber?: string | undefined; ... 4 more ...; description?: string | undefined; }, any, { ...; }>'.
  The types of '_options.resolver' are incompatible between these types.
    Type 'Resolver<{ name: string; code: string; category: "LAPTOP" | "PHONE" | "MONITOR" | "DESK" | "CHAIR" | "CARD" | "OTHER"; brand?: string | undefined; model?: string | undefined; serialNumber?: string | undefined; ... 4 more ...; description?: string | undefined; }, any, TFieldValues> | undefined' is not assignable to type 'Resolver<{ name: string; code: string; category: "LAPTOP" | "PHONE" | "MONITOR" | "DESK" | "CHAIR" | "CARD" | "OTHER"; brand?: string | undefined; model?: string | undefined; serialNumber?: string | undefined; ... 4 more ...; description?: string | undefined; }, any, { ...; }> | undefined'.
      Type 'Resolver<{ name: string; code: string; category: "LAPTOP" | "PHONE" | "MONITOR" | "DESK" | "CHAIR" | "CARD" | "OTHER"; brand?: string | undefined; model?: string | undefined; serialNumber?: string | undefined; ... 4 more ...; description?: string | undefined; }, any, TFieldValues>' is not assignable to type 'Resolver<{ name: string; code: string; category: "LAPTOP" | "PHONE" | "MONITOR" | "DESK" | "CHAIR" | "CARD" | "OTHER"; brand?: string | undefined; model?: string | undefined; serialNumber?: string | undefined; ... 4 more ...; description?: string | undefined; }, any, { ...; }>'.
        Type 'ResolverResult<{ name: string; code: string; category: "LAPTOP" | "PHONE" | "MONITOR" | "DESK" | "CHAIR" | "CARD" | "OTHER"; brand?: string | undefined; model?: string | undefined; serialNumber?: string | undefined; ... 4 more ...; description?: string | undefined; }, TFieldValues> | Promise<...>' is not assignable to type 'ResolverResult<{ name: string; code: string; category: "LAPTOP" | "PHONE" | "MONITOR" | "DESK" | "CHAIR" | "CARD" | "OTHER"; brand?: string | undefined; model?: string | undefined; serialNumber?: string | undefined; ... 4 more ...; description?: string | undefined; }, { ...; }> | Promise<...>'.
          Type 'ResolverSuccess<TFieldValues>' is not assignable to type 'ResolverResult<{ name: string; code: string; category: "LAPTOP" | "PHONE" | "MONITOR" | "DESK" | "CHAIR" | "CARD" | "OTHER"; brand?: string | undefined; model?: string | undefined; serialNumber?: string | undefined; ... 4 more ...; description?: string | undefined; }, { ...; }> | Promise<...>'.
            Type 'ResolverSuccess<TFieldValues>' is not assignable to type 'ResolverSuccess<{ name: string; code: string; category: "LAPTOP" | "PHONE" | "MONITOR" | "DESK" | "CHAIR" | "CARD" | "OTHER"; brand?: string | undefined; model?: string | undefined; serialNumber?: string | undefined; ... 4 more ...; description?: string | undefined; }>'.
              Type 'TFieldValues' is not assignable to type '{ name: string; code: string; category: "LAPTOP" | "PHONE" | "MONITOR" | "DESK" | "CHAIR" | "CARD" | "OTHER"; brand?: string | undefined; model?: string | undefined; serialNumber?: string | undefined; ... 4 more ...; description?: string | undefined; }'.
                Type 'FieldValues' is missing the following properties from type '{ name: string; code: string; category: "LAPTOP" | "PHONE" | "MONITOR" | "DESK" | "CHAIR" | "CARD" | "OTHER"; brand?: string | undefined; model?: string | undefined; serialNumber?: string | undefined; ... 4 more ...; description?: string | undefined; }': name, code, category
src/components/departments/department-detail-sheet.tsx(260,75): error TS2322: Type '{ description: string | null; id: string; name: string; createdAt: Date; updatedAt: Date; departmentId: string | null; code: string; parentId: string | null; status: string; sortOrder: number; authority: string; level: number; minSalary: Decimal | null; maxSalary: Decimal | null; }' is not assignable to type 'ReactNode'.
src/components/recruitment/calendar/calendar-header.tsx(282,45): error TS2345: Argument of type '(candidate: CandidateBasic) => JSX.Element' is not assignable to parameter of type '(value: { id: string; jobPostingId: string; jobPostingTitle: any; name: string; email: string; phone: string | null; gender: "MALE" | "FEMALE" | "OTHER" | null; dateOfBirth: string | null; address: string | null; ... 15 more ...; candidateTags: any; }, index: number, array: { ...; }[]) => Element'.
  Types of parameters 'candidate' and 'value' are incompatible.
    Type '{ id: string; jobPostingId: string; jobPostingTitle: any; name: string; email: string; phone: string | null; gender: "MALE" | "FEMALE" | "OTHER" | null; dateOfBirth: string | null; address: string | null; ... 15 more ...; candidateTags: any; }' is not assignable to type 'CandidateBasic'.
      Types of property 'source' are incompatible.
        Type 'string' is not assignable to type 'CandidateSource'.
src/components/recruitment/calendar/calendar-header.tsx(329,45): error TS2345: Argument of type '(posting: JobPostingBasic) => JSX.Element' is not assignable to parameter of type '(value: { id: string; title: string; departmentId: string | null; departmentName: string | null; positionId: string | null; positionName: string | null; description: string; requirements: string; ... 20 more ...; hiredCount: number; }, index: number, array: { ...; }[]) => Element'.
  Types of parameters 'posting' and 'value' are incompatible.
    Type '{ id: string; title: string; departmentId: string | null; departmentName: string | null; positionId: string | null; positionName: string | null; description: string; requirements: string; ... 20 more ...; hiredCount: number; }' is not assignable to type 'JobPostingBasic'.
      Types of property 'departmentName' are incompatible.
        Type 'string | null' is not assignable to type 'string | undefined'.
          Type 'null' is not assignable to type 'string | undefined'.
src/components/recruitment/calendar/interview-detail-dialog.tsx(139,41): error TS2304: Cannot find name 'INTERVIEW_TYPE'.
src/components/recruitment/calendar/interview-detail-dialog.tsx(205,49): error TS2322: Type 'string' is not assignable to type 'InterviewStatus | undefined'.
src/config/theme.ts(48,5): error TS2353: Object literal may only specify known properties, and 'border' does not exist in type 'ThemeStyleProps'.
src/config/theme.ts(73,5): error TS2353: Object literal may only specify known properties, and 'border' does not exist in type 'Partial<ThemeStyleProps>'.
src/contexts/grid-stack-render.tsx(80,25): error TS2769: No overload matches this call.
  Overload 1 of 2, '(props: unknown, context?: any): string | number | bigint | boolean | ReactElement<unknown, string | JSXElementConstructor<any>> | Iterable<ReactNode> | Promise<...> | Component<...> | null | undefined', gave the following error.
    Type '{ editMode: boolean; }' is not assignable to type 'IntrinsicAttributes'.
      Property 'editMode' does not exist on type 'IntrinsicAttributes'.
  Overload 2 of 2, '(props: unknown): string | number | bigint | boolean | ReactElement<unknown, string | JSXElementConstructor<any>> | Iterable<ReactNode> | Promise<...> | Component<...> | null | undefined', gave the following error.
    Type '{ editMode: boolean; }' is not assignable to type 'IntrinsicAttributes'.
      Property 'editMode' does not exist on type 'IntrinsicAttributes'.
src/lib/email.ts(23,9): error TS2322: Type 'Record<string, unknown> | undefined' is not assignable to type 'NullableJsonNullValueInput | InputJsonValue | undefined'.
  Type 'Record<string, unknown>' is not assignable to type 'NullableJsonNullValueInput | InputJsonValue | undefined'.
    Type 'Record<string, unknown>' is missing the following properties from type 'readonly (InputJsonValue | null)[]': length, concat, join, slice, and 26 more.
src/utils/seed.ts(22,17): error TS2559: Type 'string' has no properties in common with type 'PositionUpdateOneWithoutUsersNestedInput'.
src/utils/seed.ts(76,21): error TS2559: Type 'string' has no properties in common with type 'PositionUpdateOneWithoutUsersNestedInput'.
